Looking in links: /cvmfs/soft.computecanada.ca/custom/python/wheelhouse/gentoo2023/x86-64-v4, /cvmfs/soft.computecanada.ca/custom/python/wheelhouse/gentoo2023/x86-64-v3, /cvmfs/soft.computecanada.ca/custom/python/wheelhouse/gentoo2023/generic, /cvmfs/soft.computecanada.ca/custom/python/wheelhouse/generic
Obtaining file:///scratch/rsadve1/Neuro_Symbolic_GRAND
  Installing build dependencies: started
  Installing build dependencies: finished with status 'done'
  Checking if build backend supports build_editable: started
  Checking if build backend supports build_editable: finished with status 'done'
  Getting requirements to build editable: started
  Getting requirements to build editable: finished with status 'done'
  Preparing editable metadata (pyproject.toml): started
  Preparing editable metadata (pyproject.toml): finished with status 'done'
Building wheels for collected packages: hybrid-bp-nsg-channel-aligned
  Building editable for hybrid-bp-nsg-channel-aligned (pyproject.toml): started
  Building editable for hybrid-bp-nsg-channel-aligned (pyproject.toml): finished with status 'done'
  Created wheel for hybrid-bp-nsg-channel-aligned: filename=hybrid_bp_nsg_channel_aligned-14.3.0-0.editable-py3-none-any.whl size=3091 sha256=86d3a4dddac0b63a4da0219772430653a9df7d7ea5882282e707d36d1e8d135e
  Stored in directory: /tmp/pip-ephem-wheel-cache-qzjwq9xw/wheels/3d/d1/92/3f17e744b20096ee9e6e97ff3e4c91596643cba54e0bd495d8
Successfully built hybrid-bp-nsg-channel-aligned
Installing collected packages: hybrid-bp-nsg-channel-aligned
  Attempting uninstall: hybrid-bp-nsg-channel-aligned
    Found existing installation: hybrid-bp-nsg-channel-aligned 14.3.0
    Uninstalling hybrid-bp-nsg-channel-aligned-14.3.0:
      Successfully uninstalled hybrid-bp-nsg-channel-aligned-14.3.0
Successfully installed hybrid-bp-nsg-channel-aligned-14.3.0
2026-04-26 18:36:43.461195: I tensorflow/core/util/port.cc:153] oneDNN custom operations are on. You may see slightly different numerical results due to floating-point round-off errors from different computation orders. To turn them off, set the environment variable `TF_ENABLE_ONEDNN_OPTS=0`.
2026-04-26 18:36:55.054325: E external/local_xla/xla/stream_executor/cuda/cuda_fft.cc:467] Unable to register cuFFT factory: Attempting to register factory for plugin cuFFT when one has already been registered
WARNING: All log messages before absl::InitializeLog() is called are written to STDERR
E0000 00:00:1777253816.152910  274087 cuda_dnn.cc:8579] Unable to register cuDNN factory: Attempting to register factory for plugin cuDNN when one has already been registered
E0000 00:00:1777253816.781495  274087 cuda_blas.cc:1407] Unable to register cuBLAS factory: Attempting to register factory for plugin cuBLAS when one has already been registered
W0000 00:00:1777253820.231941  274087 computation_placer.cc:177] computation placer already registered. Please check linkage and avoid linking the same target more than once.
W0000 00:00:1777253820.232035  274087 computation_placer.cc:177] computation placer already registered. Please check linkage and avoid linking the same target more than once.
W0000 00:00:1777253820.232047  274087 computation_placer.cc:177] computation placer already registered. Please check linkage and avoid linking the same target more than once.
W0000 00:00:1777253820.232058  274087 computation_placer.cc:177] computation placer already registered. Please check linkage and avoid linking the same target more than once.
2026-04-26 18:37:00.739970: I tensorflow/core/platform/cpu_feature_guard.cc:210] This TensorFlow binary is optimized to use available CPU instructions in performance-critical operations.
To enable the following instructions: AVX2 AVX512F AVX512_VNNI AVX512_BF16 FMA, in other operations, rebuild TensorFlow with the appropriate compiler flags.
python: 3.12.4 (main, Jun 12 2024, 16:22:31) [GCC 13.3.0]
numpy: 2.1.1
yaml: 6.0.3
scipy: 1.17.0
tensorflow: 2.19.1
sionna: 1.2.2
{'hybrid_bp_nsg.__version__': '14.3.0', 'distribution_version': '14.3.0', 'python': '/home/rsadve1/scratch/Neuro_Symbolic_GRAND/.venv/bin/python', 'cwd': '/scratch/rsadve1/Neuro_Symbolic_GRAND', 'CUDA_VISIBLE_DEVICES': '0'}
2026-04-26 18:37:15.283602: E external/local_xla/xla/stream_executor/cuda/cuda_fft.cc:467] Unable to register cuFFT factory: Attempting to register factory for plugin cuFFT when one has already been registered
WARNING: All log messages before absl::InitializeLog() is called are written to STDERR
E0000 00:00:1777253835.296612  274297 cuda_dnn.cc:8579] Unable to register cuDNN factory: Attempting to register factory for plugin cuDNN when one has already been registered
E0000 00:00:1777253835.300618  274297 cuda_blas.cc:1407] Unable to register cuBLAS factory: Attempting to register factory for plugin cuBLAS when one has already been registered
W0000 00:00:1777253835.312689  274297 computation_placer.cc:177] computation placer already registered. Please check linkage and avoid linking the same target more than once.
W0000 00:00:1777253835.312725  274297 computation_placer.cc:177] computation placer already registered. Please check linkage and avoid linking the same target more than once.
W0000 00:00:1777253835.312737  274297 computation_placer.cc:177] computation placer already registered. Please check linkage and avoid linking the same target more than once.
W0000 00:00:1777253835.312747  274297 computation_placer.cc:177] computation placer already registered. Please check linkage and avoid linking the same target more than once.
tensorflow: 2.19.1
gpus: [PhysicalDevice(name='/physical_device:GPU:0', device_type='GPU')]
2026-04-26 18:37:20.177003: E external/local_xla/xla/stream_executor/cuda/cuda_fft.cc:467] Unable to register cuFFT factory: Attempting to register factory for plugin cuFFT when one has already been registered
WARNING: All log messages before absl::InitializeLog() is called are written to STDERR
E0000 00:00:1777253840.189765  274307 cuda_dnn.cc:8579] Unable to register cuDNN factory: Attempting to register factory for plugin cuDNN when one has already been registered
E0000 00:00:1777253840.193687  274307 cuda_blas.cc:1407] Unable to register cuBLAS factory: Attempting to register factory for plugin cuBLAS when one has already been registered
W0000 00:00:1777253840.205878  274307 computation_placer.cc:177] computation placer already registered. Please check linkage and avoid linking the same target more than once.
W0000 00:00:1777253840.205919  274307 computation_placer.cc:177] computation placer already registered. Please check linkage and avoid linking the same target more than once.
W0000 00:00:1777253840.205931  274307 computation_placer.cc:177] computation placer already registered. Please check linkage and avoid linking the same target more than once.
W0000 00:00:1777253840.205941  274307 computation_placer.cc:177] computation placer already registered. Please check linkage and avoid linking the same target more than once.
2026-04-26 18:37:29.132031: W tensorflow/core/common_runtime/gpu/gpu_bfc_allocator.cc:47] Overriding orig_value setting because the TF_FORCE_GPU_ALLOW_GROWTH environment variable is set. Original config value was 0.
I0000 00:00:1777253849.132095  274307 gpu_process_state.cc:208] Using CUDA malloc Async allocator for GPU: 0
I0000 00:00:1777253849.177664  274307 gpu_device.cc:2019] Created device /job:localhost/replica:0/task:0/device:GPU:0 with 78751 MB memory:  -> device: 0, name: NVIDIA H100 80GB HBM3, pci bus id: 0000:4c:00.0, compute capability: 9.0
{
  "config": "configs/fir_hybrid_bp_nsg_full_v14.yaml",
  "output_dir": "outputs/hybrid_bp_nsg_v14_pusch_cdl_full",
  "target_basis": "bp",
  "max_expanded_weight": 32,
  "filter_by_target_weight": true,
  "require_candidate_positive": true,
  "candidate_bank_inject_oracle_positive": true,
  "code": {
    "family": "sionna_nr_pusch_ldpc",
    "transport_k": 256,
    "ldpc_k": 272,
    "n_internal": 584,
    "n_transmitted": 512,
    "k": 272,
    "m": 312,
    "rate": 0.5,
    "edges": 1852,
    "avg_check_degree": 5.935897350311279,
    "max_check_degree": 8,
    "min_check_degree": 4,
    "avg_variable_degree": 3.1712329387664795,
    "num_punctured_internal_positions": 72,
    "num_transmitted_internal_positions": 512,
    "metadata": {
      "num_coded_bits": 512,
      "target_coderate": 0.5,
      "num_bits_per_symbol": 2,
      "num_layers": 1,
      "tb_size": 256,
      "tb_crc_length": 16,
      "has_outer_crc": true,
      "pusch_channel_type": "PUSCH",
      "source": "sionna_ldpc5g_pruned_pcm",
      "cb_size": 272,
      "ldpc_k_property": 360,
      "bg": "bg2",
      "z": 36,
      "output_perm_inv_size": 512,
      "interleaver_validated": true
    }
  }
}
2026-04-26 18:37:32.678995: E external/local_xla/xla/stream_executor/cuda/cuda_fft.cc:467] Unable to register cuFFT factory: Attempting to register factory for plugin cuFFT when one has already been registered
WARNING: All log messages before absl::InitializeLog() is called are written to STDERR
E0000 00:00:1777253852.691655  274368 cuda_dnn.cc:8579] Unable to register cuDNN factory: Attempting to register factory for plugin cuDNN when one has already been registered
E0000 00:00:1777253852.695563  274368 cuda_blas.cc:1407] Unable to register cuBLAS factory: Attempting to register factory for plugin cuBLAS when one has already been registered
W0000 00:00:1777253852.707727  274368 computation_placer.cc:177] computation placer already registered. Please check linkage and avoid linking the same target more than once.
W0000 00:00:1777253852.707768  274368 computation_placer.cc:177] computation placer already registered. Please check linkage and avoid linking the same target more than once.
W0000 00:00:1777253852.707779  274368 computation_placer.cc:177] computation placer already registered. Please check linkage and avoid linking the same target more than once.
W0000 00:00:1777253852.707790  274368 computation_placer.cc:177] computation placer already registered. Please check linkage and avoid linking the same target more than once.
2026-04-26 18:37:37.812841: W tensorflow/core/common_runtime/gpu/gpu_bfc_allocator.cc:47] Overriding orig_value setting because the TF_FORCE_GPU_ALLOW_GROWTH environment variable is set. Original config value was 0.
I0000 00:00:1777253857.812918  274368 gpu_process_state.cc:208] Using CUDA malloc Async allocator for GPU: 0
I0000 00:00:1777253857.814006  274368 gpu_device.cc:2019] Created device /job:localhost/replica:0/task:0/device:GPU:0 with 78751 MB memory:  -> device: 0, name: NVIDIA H100 80GB HBM3, pci bus id: 0000:4c:00.0, compute capability: 9.0
2026-04-26 18:37:38.101492: E tensorflow/core/util/util.cc:131] oneDNN supports DT_HALF only on platforms with AVX-512. Falling back to the default Eigen-based implementation if present.
{
  "config": "configs/fir_hybrid_bp_nsg_full_v14.yaml",
  "mixed_policy": "<DTypePolicy \"mixed_bfloat16\">",
  "gpus": [
    "PhysicalDevice(name='/physical_device:GPU:0', device_type='GPU')"
  ],
  "n": 584,
  "m": 312,
  "outputs": {
    "bit_logits": {
      "shape": [
        2,
        584
      ],
      "dtype": "float32"
    },
    "segment_logits": {
      "shape": [
        2,
        8
      ],
      "dtype": "float32"
    },
    "weight_logits": {
      "shape": [
        2,
        65
      ],
      "dtype": "float32"
    },
    "standard_logits": {
      "shape": [
        2
      ],
      "dtype": "float32"
    },
    "expanded_logits": {
      "shape": [
        2
      ],
      "dtype": "float32"
    },
    "rescue_logits": {
      "shape": [
        2
      ],
      "dtype": "float32"
    },
    "packet_embedding": {
      "shape": [
        2,
        128
      ],
      "dtype": "float32"
    },
    "candidate_scores": {
      "shape": [
        2,
        16
      ],
      "dtype": "float32"
    }
  }
}
Model forward check passed.
=== V14 DATASET SANITY PROBE ===
output: outputs/hybrid_bp_nsg_v14_pusch_cdl_full
npz_files: 173

--- split train ---
samples: 25147
target_weight_hist_top: [(1, 2531), (2, 1595), (3, 1262), (4, 1126), (5, 997), (6, 951), (8, 906), (9, 890), (7, 890), (11, 865), (10, 802), (12, 766), (13, 740), (14, 691), (16, 684), (20, 668), (15, 656), (19, 623), (18, 611), (17, 608), (21, 604), (23, 572), (22, 571), (24, 535), (25, 529), (28, 528), (27, 520), (30, 517), (26, 513), (32, 472)]
target_weight_q0.00=1
target_weight_q0.25=4
target_weight_q0.50=11
target_weight_q0.75=20
target_weight_q0.90=27
target_weight_q0.95=30
target_weight_q0.99=32
target_weight_q1.00=32
standard_reachable_rate: 0.47520578995506424 positives: 11950 n: 25147
expanded_reachable_rate: 1.0 positives: 25147 n: 25147
rescueable_rate: 0.5247942100449358 positives: 13197 n: 25147
candidate_any_positive_rate: 1.0 positives: 25147 n: 25147
candidate_top1_positive_rate: 0.9296934027915855 positives: 23379 n: 25147
candidate_pos_total: 25147 candidate_valid_total: 27269 avg_valid_candidates: 1.084383823120054
snr_hist: [(2.0, 10893), (2.5, 3914), (3.0, 1998), (3.5, 1924), (4.0, 1867), (4.5, 1573), (5.0, 1244), (5.5, 833), (6.0, 506), (7.0, 311), (8.0, 84)]
profile_hist: [(0, 13475), (1, 11672)]

--- split val ---
samples: 5112
target_weight_hist_top: [(1, 529), (2, 337), (3, 259), (4, 226), (5, 202), (6, 172), (8, 168), (13, 167), (11, 167), (12, 167), (10, 162), (7, 159), (17, 156), (9, 155), (18, 149), (15, 149), (16, 141), (14, 140), (21, 128), (24, 125), (19, 121), (22, 117), (32, 114), (26, 114), (23, 108), (20, 103), (31, 102), (27, 102), (30, 94), (29, 94)]
target_weight_q0.00=1
target_weight_q0.25=4
target_weight_q0.50=12
target_weight_q0.75=21
target_weight_q0.90=27
target_weight_q0.95=30
target_weight_q0.99=32
target_weight_q1.00=32
standard_reachable_rate: 0.46341940532081377 positives: 2369 n: 5112
expanded_reachable_rate: 1.0 positives: 5112 n: 5112
rescueable_rate: 0.5365805946791862 positives: 2743 n: 5112
candidate_any_positive_rate: 1.0 positives: 5112 n: 5112
candidate_top1_positive_rate: 0.9354460093896714 positives: 4782 n: 5112
candidate_pos_total: 5112 candidate_valid_total: 5502 avg_valid_candidates: 1.0762910798122065
snr_hist: [(2.0, 2184), (2.5, 845), (3.5, 429), (3.0, 362), (4.0, 355), (4.5, 338), (5.0, 243), (5.5, 182), (6.0, 101), (7.0, 54), (8.0, 19)]
profile_hist: [(0, 2742), (1, 2370)]

[DONE] Dataset sanity passed.
2026-04-26 18:38:11.503346: E external/local_xla/xla/stream_executor/cuda/cuda_fft.cc:467] Unable to register cuFFT factory: Attempting to register factory for plugin cuFFT when one has already been registered
WARNING: All log messages before absl::InitializeLog() is called are written to STDERR
E0000 00:00:1777253891.516124  274663 cuda_dnn.cc:8579] Unable to register cuDNN factory: Attempting to register factory for plugin cuDNN when one has already been registered
E0000 00:00:1777253891.520070  274663 cuda_blas.cc:1407] Unable to register cuBLAS factory: Attempting to register factory for plugin cuBLAS when one has already been registered
W0000 00:00:1777253891.532241  274663 computation_placer.cc:177] computation placer already registered. Please check linkage and avoid linking the same target more than once.
W0000 00:00:1777253891.532277  274663 computation_placer.cc:177] computation placer already registered. Please check linkage and avoid linking the same target more than once.
W0000 00:00:1777253891.532288  274663 computation_placer.cc:177] computation placer already registered. Please check linkage and avoid linking the same target more than once.
W0000 00:00:1777253891.532299  274663 computation_placer.cc:177] computation placer already registered. Please check linkage and avoid linking the same target more than once.
2026-04-26 18:38:16.491367: W tensorflow/core/common_runtime/gpu/gpu_bfc_allocator.cc:47] Overriding orig_value setting because the TF_FORCE_GPU_ALLOW_GROWTH environment variable is set. Original config value was 0.
I0000 00:00:1777253896.491454  274663 gpu_process_state.cc:208] Using CUDA malloc Async allocator for GPU: 0
I0000 00:00:1777253896.492515  274663 gpu_device.cc:2019] Created device /job:localhost/replica:0/task:0/device:GPU:0 with 78751 MB memory:  -> device: 0, name: NVIDIA H100 80GB HBM3, pci bus id: 0000:4c:00.0, compute capability: 9.0
2026-04-26 18:38:19.659883: E tensorflow/core/util/util.cc:131] oneDNN supports DT_HALF only on platforms with AVX-512. Falling back to the default Eigen-based implementation if present.
TensorFlow version=2.19.1 GPUs=[PhysicalDevice(name='/physical_device:GPU:0', device_type='GPU')] mixed_policy=<DTypePolicy "mixed_bfloat16">
Epoch 1 | train_loss=0.7559 val_loss=0.5504 cand_top1=0.9998 rescue_acc=0.9603 gpu=1
New best checkpoint at epoch 1 val_loss=0.5504
Epoch 2 | train_loss=0.4588 val_loss=0.4739 cand_top1=1.0000 rescue_acc=0.9772 gpu=1
New best checkpoint at epoch 2 val_loss=0.4739
Epoch 3 | train_loss=0.3896 val_loss=0.4701 cand_top1=1.0000 rescue_acc=0.9875 gpu=1
New best checkpoint at epoch 3 val_loss=0.4701
Epoch 4 | train_loss=0.3585 val_loss=0.4771 cand_top1=1.0000 rescue_acc=0.9832 gpu=1
Epoch 5 | train_loss=0.3321 val_loss=0.7236 cand_top1=1.0000 rescue_acc=0.9664 gpu=1
Epoch 6 | train_loss=0.3094 val_loss=0.8972 cand_top1=1.0000 rescue_acc=0.9643 gpu=1
Epoch 7 | train_loss=0.2879 val_loss=0.7366 cand_top1=1.0000 rescue_acc=0.9680 gpu=1
Epoch 8 | train_loss=0.2673 val_loss=0.8559 cand_top1=1.0000 rescue_acc=0.9620 gpu=1
Epoch 9 | train_loss=0.2628 val_loss=1.0165 cand_top1=1.0000 rescue_acc=0.9504 gpu=1
Epoch 10 | train_loss=0.2506 val_loss=0.6654 cand_top1=1.0000 rescue_acc=0.9715 gpu=1
Epoch 11 | train_loss=0.2315 val_loss=0.7279 cand_top1=1.0000 rescue_acc=0.9707 gpu=1
Epoch 12 | train_loss=0.2331 val_loss=1.0592 cand_top1=1.0000 rescue_acc=0.9564 gpu=1
Epoch 13 | train_loss=0.2165 val_loss=0.7816 cand_top1=1.0000 rescue_acc=0.9684 gpu=1
Epoch 14 | train_loss=0.2112 val_loss=1.0979 cand_top1=1.0000 rescue_acc=0.9537 gpu=1
Epoch 15 | train_loss=0.2008 val_loss=0.9657 cand_top1=1.0000 rescue_acc=0.9583 gpu=1
Epoch 16 | train_loss=0.2010 val_loss=1.1381 cand_top1=1.0000 rescue_acc=0.9562 gpu=1
Epoch 17 | train_loss=0.1908 val_loss=0.9098 cand_top1=1.0000 rescue_acc=0.9668 gpu=1
Epoch 18 | train_loss=0.1874 val_loss=0.8287 cand_top1=1.0000 rescue_acc=0.9697 gpu=1
Epoch 19 | train_loss=0.1781 val_loss=1.2277 cand_top1=1.0000 rescue_acc=0.9583 gpu=1
Epoch 20 | train_loss=0.1656 val_loss=1.0545 cand_top1=1.0000 rescue_acc=0.9645 gpu=1
Epoch 21 | train_loss=0.1608 val_loss=1.1488 cand_top1=1.0000 rescue_acc=0.9556 gpu=1
Epoch 22 | train_loss=0.1517 val_loss=1.1412 cand_top1=1.0000 rescue_acc=0.9653 gpu=1
Epoch 23 | train_loss=0.1543 val_loss=1.6336 cand_top1=1.0000 rescue_acc=0.9541 gpu=1
Epoch 24 | train_loss=0.1476 val_loss=1.4851 cand_top1=1.0000 rescue_acc=0.9543 gpu=1
Epoch 25 | train_loss=0.1382 val_loss=1.1628 cand_top1=1.0000 rescue_acc=0.9649 gpu=1
Epoch 26 | train_loss=0.1321 val_loss=1.4302 cand_top1=1.0000 rescue_acc=0.9578 gpu=1
Epoch 27 | train_loss=0.1382 val_loss=1.4863 cand_top1=1.0000 rescue_acc=0.9529 gpu=1
Epoch 28 | train_loss=0.1243 val_loss=1.8874 cand_top1=1.0000 rescue_acc=0.9498 gpu=1
Epoch 29 | train_loss=0.1196 val_loss=1.7734 cand_top1=1.0000 rescue_acc=0.9518 gpu=1
Epoch 30 | train_loss=0.1192 val_loss=1.6844 cand_top1=1.0000 rescue_acc=0.9468 gpu=1
Epoch 31 | train_loss=0.1139 val_loss=1.4780 cand_top1=1.0000 rescue_acc=0.9537 gpu=1
Epoch 32 | train_loss=0.1102 val_loss=1.7897 cand_top1=1.0000 rescue_acc=0.9554 gpu=1
Epoch 33 | train_loss=0.1069 val_loss=1.7994 cand_top1=1.0000 rescue_acc=0.9539 gpu=1
Epoch 34 | train_loss=0.1015 val_loss=1.8228 cand_top1=1.0000 rescue_acc=0.9552 gpu=1
Epoch 35 | train_loss=0.0968 val_loss=1.4436 cand_top1=1.0000 rescue_acc=0.9595 gpu=1
Epoch 36 | train_loss=0.0973 val_loss=1.6314 cand_top1=1.0000 rescue_acc=0.9595 gpu=1
Epoch 37 | train_loss=0.0917 val_loss=1.7587 cand_top1=1.0000 rescue_acc=0.9527 gpu=1
Epoch 38 | train_loss=0.0892 val_loss=1.7875 cand_top1=1.0000 rescue_acc=0.9545 gpu=1
Epoch 39 | train_loss=0.0875 val_loss=1.7700 cand_top1=1.0000 rescue_acc=0.9578 gpu=1
Epoch 40 | train_loss=0.0849 val_loss=1.8048 cand_top1=1.0000 rescue_acc=0.9535 gpu=1
Epoch 41 | train_loss=0.0826 val_loss=1.7907 cand_top1=1.0000 rescue_acc=0.9572 gpu=1
Epoch 42 | train_loss=0.0808 val_loss=1.7828 cand_top1=1.0000 rescue_acc=0.9574 gpu=1
Epoch 43 | train_loss=0.0799 val_loss=1.7897 cand_top1=1.0000 rescue_acc=0.9566 gpu=1
Epoch 44 | train_loss=0.0786 val_loss=1.6946 cand_top1=1.0000 rescue_acc=0.9581 gpu=1
Epoch 45 | train_loss=0.0775 val_loss=1.7631 cand_top1=1.0000 rescue_acc=0.9612 gpu=1
Epoch 46 | train_loss=0.0772 val_loss=1.5397 cand_top1=1.0000 rescue_acc=0.9624 gpu=1
Epoch 47 | train_loss=0.0762 val_loss=1.8007 cand_top1=1.0000 rescue_acc=0.9579 gpu=1
Epoch 48 | train_loss=0.0752 val_loss=1.7246 cand_top1=1.0000 rescue_acc=0.9587 gpu=1
