Looking in links: /cvmfs/soft.computecanada.ca/custom/python/wheelhouse/gentoo2023/x86-64-v4, /cvmfs/soft.computecanada.ca/custom/python/wheelhouse/gentoo2023/x86-64-v3, /cvmfs/soft.computecanada.ca/custom/python/wheelhouse/gentoo2023/generic, /cvmfs/soft.computecanada.ca/custom/python/wheelhouse/generic
Obtaining file:///scratch/rsadve1/Neuro_Symbolic_GRAND
  Installing build dependencies: started
  Installing build dependencies: finished with status 'done'
  Checking if build backend supports build_editable: started
  Checking if build backend supports build_editable: finished with status 'done'
  Getting requirements to build editable: started
  Getting requirements to build editable: finished with status 'done'
  Preparing editable metadata (pyproject.toml): started
  Preparing editable metadata (pyproject.toml): finished with status 'done'
Building wheels for collected packages: hybrid-bp-nsg-channel-aligned
  Building editable for hybrid-bp-nsg-channel-aligned (pyproject.toml): started
  Building editable for hybrid-bp-nsg-channel-aligned (pyproject.toml): finished with status 'done'
  Created wheel for hybrid-bp-nsg-channel-aligned: filename=hybrid_bp_nsg_channel_aligned-14.0.0-0.editable-py3-none-any.whl size=3089 sha256=fc066f13611dccc71ba369ec543c548e5ec0c5da9221bfc5f4bb16b3f4c033ba
  Stored in directory: /tmp/pip-ephem-wheel-cache-hemuo4td/wheels/3d/d1/92/3f17e744b20096ee9e6e97ff3e4c91596643cba54e0bd495d8
Successfully built hybrid-bp-nsg-channel-aligned
Installing collected packages: hybrid-bp-nsg-channel-aligned
  Attempting uninstall: hybrid-bp-nsg-channel-aligned
    Found existing installation: hybrid-bp-nsg-channel-aligned 14.0.0
    Uninstalling hybrid-bp-nsg-channel-aligned-14.0.0:
      Successfully uninstalled hybrid-bp-nsg-channel-aligned-14.0.0
Successfully installed hybrid-bp-nsg-channel-aligned-14.0.0
2026-04-26 06:15:32.559727: I tensorflow/core/util/port.cc:153] oneDNN custom operations are on. You may see slightly different numerical results due to floating-point round-off errors from different computation orders. To turn them off, set the environment variable `TF_ENABLE_ONEDNN_OPTS=0`.
2026-04-26 06:15:33.026938: E external/local_xla/xla/stream_executor/cuda/cuda_fft.cc:467] Unable to register cuFFT factory: Attempting to register factory for plugin cuFFT when one has already been registered
WARNING: All log messages before absl::InitializeLog() is called are written to STDERR
E0000 00:00:1777209333.135005 1889780 cuda_dnn.cc:8579] Unable to register cuDNN factory: Attempting to register factory for plugin cuDNN when one has already been registered
E0000 00:00:1777209333.180121 1889780 cuda_blas.cc:1407] Unable to register cuBLAS factory: Attempting to register factory for plugin cuBLAS when one has already been registered
W0000 00:00:1777209333.391135 1889780 computation_placer.cc:177] computation placer already registered. Please check linkage and avoid linking the same target more than once.
W0000 00:00:1777209333.391205 1889780 computation_placer.cc:177] computation placer already registered. Please check linkage and avoid linking the same target more than once.
W0000 00:00:1777209333.391216 1889780 computation_placer.cc:177] computation placer already registered. Please check linkage and avoid linking the same target more than once.
W0000 00:00:1777209333.391227 1889780 computation_placer.cc:177] computation placer already registered. Please check linkage and avoid linking the same target more than once.
2026-04-26 06:15:33.432800: I tensorflow/core/platform/cpu_feature_guard.cc:210] This TensorFlow binary is optimized to use available CPU instructions in performance-critical operations.
To enable the following instructions: AVX2 AVX512F AVX512_VNNI AVX512_BF16 FMA, in other operations, rebuild TensorFlow with the appropriate compiler flags.
python: 3.12.4 (main, Jun 12 2024, 16:22:31) [GCC 13.3.0]
numpy: 2.1.1
yaml: 6.0.3
scipy: 1.17.0
tensorflow: 2.19.1
sionna: 1.2.2
2026-04-26 06:15:42.319361: E external/local_xla/xla/stream_executor/cuda/cuda_fft.cc:467] Unable to register cuFFT factory: Attempting to register factory for plugin cuFFT when one has already been registered
WARNING: All log messages before absl::InitializeLog() is called are written to STDERR
E0000 00:00:1777209342.332487 1889788 cuda_dnn.cc:8579] Unable to register cuDNN factory: Attempting to register factory for plugin cuDNN when one has already been registered
E0000 00:00:1777209342.336535 1889788 cuda_blas.cc:1407] Unable to register cuBLAS factory: Attempting to register factory for plugin cuBLAS when one has already been registered
W0000 00:00:1777209342.348944 1889788 computation_placer.cc:177] computation placer already registered. Please check linkage and avoid linking the same target more than once.
W0000 00:00:1777209342.348984 1889788 computation_placer.cc:177] computation placer already registered. Please check linkage and avoid linking the same target more than once.
W0000 00:00:1777209342.348996 1889788 computation_placer.cc:177] computation placer already registered. Please check linkage and avoid linking the same target more than once.
W0000 00:00:1777209342.349006 1889788 computation_placer.cc:177] computation placer already registered. Please check linkage and avoid linking the same target more than once.
tensorflow: 2.19.1
gpus: [PhysicalDevice(name='/physical_device:GPU:0', device_type='GPU')]
2026-04-26 06:15:47.293408: E external/local_xla/xla/stream_executor/cuda/cuda_fft.cc:467] Unable to register cuFFT factory: Attempting to register factory for plugin cuFFT when one has already been registered
WARNING: All log messages before absl::InitializeLog() is called are written to STDERR
E0000 00:00:1777209347.306375 1889798 cuda_dnn.cc:8579] Unable to register cuDNN factory: Attempting to register factory for plugin cuDNN when one has already been registered
E0000 00:00:1777209347.310362 1889798 cuda_blas.cc:1407] Unable to register cuBLAS factory: Attempting to register factory for plugin cuBLAS when one has already been registered
W0000 00:00:1777209347.322851 1889798 computation_placer.cc:177] computation placer already registered. Please check linkage and avoid linking the same target more than once.
W0000 00:00:1777209347.322896 1889798 computation_placer.cc:177] computation placer already registered. Please check linkage and avoid linking the same target more than once.
W0000 00:00:1777209347.322908 1889798 computation_placer.cc:177] computation placer already registered. Please check linkage and avoid linking the same target more than once.
W0000 00:00:1777209347.322919 1889798 computation_placer.cc:177] computation placer already registered. Please check linkage and avoid linking the same target more than once.
2026-04-26 06:15:54.068091: W tensorflow/core/common_runtime/gpu/gpu_bfc_allocator.cc:47] Overriding orig_value setting because the TF_FORCE_GPU_ALLOW_GROWTH environment variable is set. Original config value was 0.
I0000 00:00:1777209354.068162 1889798 gpu_process_state.cc:208] Using CUDA malloc Async allocator for GPU: 0
I0000 00:00:1777209354.087222 1889798 gpu_device.cc:2019] Created device /job:localhost/replica:0/task:0/device:GPU:0 with 78751 MB memory:  -> device: 0, name: NVIDIA H100 80GB HBM3, pci bus id: 0000:46:00.0, compute capability: 9.0
{
  "config": "configs/fir_hybrid_bp_nsg_smoke_v14.yaml",
  "output_dir": "outputs/hybrid_bp_nsg_v14_pusch_cdl_smoke",
  "target_basis": "bp",
  "max_expanded_weight": 32,
  "filter_by_target_weight": true,
  "require_candidate_positive": true,
  "candidate_bank_inject_oracle_positive": true,
  "code": {
    "family": "sionna_nr_pusch_ldpc",
    "transport_k": 256,
    "ldpc_k": 272,
    "n_internal": 584,
    "n_transmitted": 512,
    "k": 272,
    "m": 312,
    "rate": 0.5,
    "edges": 1852,
    "avg_check_degree": 5.935897350311279,
    "max_check_degree": 8,
    "min_check_degree": 4,
    "avg_variable_degree": 3.1712329387664795,
    "num_punctured_internal_positions": 72,
    "num_transmitted_internal_positions": 512,
    "metadata": {
      "num_coded_bits": 512,
      "target_coderate": 0.5,
      "num_bits_per_symbol": 2,
      "num_layers": 1,
      "tb_size": 256,
      "tb_crc_length": 16,
      "has_outer_crc": true,
      "pusch_channel_type": "PUSCH",
      "source": "sionna_ldpc5g_pruned_pcm",
      "cb_size": 272,
      "ldpc_k_property": 360,
      "bg": "bg2",
      "z": 36,
      "output_perm_inv_size": 512,
      "interleaver_validated": true
    }
  }
}
2026-04-26 06:15:56.459834: E external/local_xla/xla/stream_executor/cuda/cuda_fft.cc:467] Unable to register cuFFT factory: Attempting to register factory for plugin cuFFT when one has already been registered
WARNING: All log messages before absl::InitializeLog() is called are written to STDERR
E0000 00:00:1777209356.472548 1889823 cuda_dnn.cc:8579] Unable to register cuDNN factory: Attempting to register factory for plugin cuDNN when one has already been registered
E0000 00:00:1777209356.476598 1889823 cuda_blas.cc:1407] Unable to register cuBLAS factory: Attempting to register factory for plugin cuBLAS when one has already been registered
W0000 00:00:1777209356.489111 1889823 computation_placer.cc:177] computation placer already registered. Please check linkage and avoid linking the same target more than once.
W0000 00:00:1777209356.489153 1889823 computation_placer.cc:177] computation placer already registered. Please check linkage and avoid linking the same target more than once.
W0000 00:00:1777209356.489164 1889823 computation_placer.cc:177] computation placer already registered. Please check linkage and avoid linking the same target more than once.
W0000 00:00:1777209356.489174 1889823 computation_placer.cc:177] computation placer already registered. Please check linkage and avoid linking the same target more than once.
2026-04-26 06:16:00.804929: W tensorflow/core/common_runtime/gpu/gpu_bfc_allocator.cc:47] Overriding orig_value setting because the TF_FORCE_GPU_ALLOW_GROWTH environment variable is set. Original config value was 0.
I0000 00:00:1777209360.805031 1889823 gpu_process_state.cc:208] Using CUDA malloc Async allocator for GPU: 0
I0000 00:00:1777209360.806169 1889823 gpu_device.cc:2019] Created device /job:localhost/replica:0/task:0/device:GPU:0 with 78751 MB memory:  -> device: 0, name: NVIDIA H100 80GB HBM3, pci bus id: 0000:46:00.0, compute capability: 9.0
profile=AWGN tx_len=512 llr_tx_len=512 llr_internal_len=584 channel_type=AWGN modulation=QPSK perfect_csi=True equalizer=identity finite_llr=True
profile=CDL_C tx_len=512 llr_tx_len=512 llr_internal_len=584 channel_type=SIONNA_CDL_C_SURROGATE modulation=QPSK perfect_csi=True equalizer=one_tap_perfect_csi finite_llr=True
2026-04-26 06:16:01.977043: E external/local_xla/xla/stream_executor/cuda/cuda_fft.cc:467] Unable to register cuFFT factory: Attempting to register factory for plugin cuFFT when one has already been registered
WARNING: All log messages before absl::InitializeLog() is called are written to STDERR
E0000 00:00:1777209361.990779 1889848 cuda_dnn.cc:8579] Unable to register cuDNN factory: Attempting to register factory for plugin cuDNN when one has already been registered
E0000 00:00:1777209361.994919 1889848 cuda_blas.cc:1407] Unable to register cuBLAS factory: Attempting to register factory for plugin cuBLAS when one has already been registered
W0000 00:00:1777209362.007587 1889848 computation_placer.cc:177] computation placer already registered. Please check linkage and avoid linking the same target more than once.
W0000 00:00:1777209362.007625 1889848 computation_placer.cc:177] computation placer already registered. Please check linkage and avoid linking the same target more than once.
W0000 00:00:1777209362.007636 1889848 computation_placer.cc:177] computation placer already registered. Please check linkage and avoid linking the same target more than once.
W0000 00:00:1777209362.007646 1889848 computation_placer.cc:177] computation placer already registered. Please check linkage and avoid linking the same target more than once.
2026-04-26 06:16:06.459551: W tensorflow/core/common_runtime/gpu/gpu_bfc_allocator.cc:47] Overriding orig_value setting because the TF_FORCE_GPU_ALLOW_GROWTH environment variable is set. Original config value was 0.
I0000 00:00:1777209366.459645 1889848 gpu_process_state.cc:208] Using CUDA malloc Async allocator for GPU: 0
I0000 00:00:1777209366.460717 1889848 gpu_device.cc:2019] Created device /job:localhost/replica:0/task:0/device:GPU:0 with 78751 MB memory:  -> device: 0, name: NVIDIA H100 80GB HBM3, pci bus id: 0000:46:00.0, compute capability: 9.0
code_family: sionna_nr_pusch_ldpc
transport_k: 256
ldpc_k: 272
n_internal: 584
n_transmitted: 512
profiles: ['AWGN', 'CDL_C']
profile=AWGN tx_len=512 llr_tx_len=512 llr_internal_len=584 channel_type=AWGN modulation=QPSK perfect_csi=True equalizer=identity finite_llr=True
profile=CDL_C tx_len=512 llr_tx_len=512 llr_internal_len=584 channel_type=SIONNA_CDL_C_SURROGATE modulation=QPSK perfect_csi=True equalizer=one_tap_perfect_csi finite_llr=True
Parallel generation with 8 workers
2026-04-26 06:16:06.802350: F external/local_xla/xla/stream_executor/cuda/cuda_context.cc:187] Non-OK-status: cuda::ToStatus(cuCtxSetCurrent(context_), "Failed setting context")
Status: INTERNAL: CUDA error: Failed setting context: CUDA_ERROR_NOT_INITIALIZED: initialization error
2026-04-26 06:16:06.802672: F external/local_xla/xla/stream_executor/cuda/cuda_context.cc:187] Non-OK-status: cuda::ToStatus(cuCtxSetCurrent(context_), "Failed setting context")
Status: INTERNAL: CUDA error: Failed setting context: CUDA_ERROR_NOT_INITIALIZED: initialization error
2026-04-26 06:16:06.808229: F external/local_xla/xla/stream_executor/cuda/cuda_context.cc:187] Non-OK-status: cuda::ToStatus(cuCtxSetCurrent(context_), "Failed setting context")
Status: INTERNAL: CUDA error: Failed setting context: CUDA_ERROR_NOT_INITIALIZED: initialization error
2026-04-26 06:16:06.808486: F external/local_xla/xla/stream_executor/cuda/cuda_context.cc:187] Non-OK-status: cuda::ToStatus(cuCtxSetCurrent(context_), "Failed setting context")
Status: INTERNAL: CUDA error: Failed setting context: CUDA_ERROR_NOT_INITIALIZED: initialization error
2026-04-26 06:16:06.814498: F external/local_xla/xla/stream_executor/cuda/cuda_context.cc:187] Non-OK-status: cuda::ToStatus(cuCtxSetCurrent(context_), "Failed setting context")
Status: INTERNAL: CUDA error: Failed setting context: CUDA_ERROR_NOT_INITIALIZED: initialization error
Traceback (most recent call last):
  File "<frozen runpy>", line 198, in _run_module_as_main
  File "<frozen runpy>", line 88, in _run_code
  File "/scratch/rsadve1/Neuro_Symbolic_GRAND/hybrid_bp_nsg/cli.py", line 43, in <module>
    main()
  File "/scratch/rsadve1/Neuro_Symbolic_GRAND/hybrid_bp_nsg/cli.py", line 21, in main
    generate(cfg)
  File "/scratch/rsadve1/Neuro_Symbolic_GRAND/hybrid_bp_nsg/generate.py", line 160, in generate
    r = fut.result()
        ^^^^^^^^^^^^
  File "/cvmfs/soft.computecanada.ca/easybuild/software/2023/x86-64-v4/Compiler/gcccore/python/3.12.4/lib/python3.12/concurrent/futures/_base.py", line 449, in result
    return self.__get_result()
           ^^^^^^^^^^^^^^^^^^^
  File "/cvmfs/soft.computecanada.ca/easybuild/software/2023/x86-64-v4/Compiler/gcccore/python/3.12.4/lib/python3.12/concurrent/futures/_base.py", line 401, in __get_result
    raise self._exception
concurrent.futures.process.BrokenProcessPool: A process in the process pool was terminated abruptly while the future was running or pending.
