2026-04-24 08:04:44.653535: I tensorflow/core/util/port.cc:153] oneDNN custom operations are on. You may see slightly different numerical results due to floating-point round-off errors from different computation orders. To turn them off, set the environment variable `TF_ENABLE_ONEDNN_OPTS=0`.
2026-04-24 08:04:55.101613: E external/local_xla/xla/stream_executor/cuda/cuda_fft.cc:467] Unable to register cuFFT factory: Attempting to register factory for plugin cuFFT when one has already been registered
WARNING: All log messages before absl::InitializeLog() is called are written to STDERR
E0000 00:00:1777043096.772445 1454837 cuda_dnn.cc:8579] Unable to register cuDNN factory: Attempting to register factory for plugin cuDNN when one has already been registered
E0000 00:00:1777043097.683285 1454837 cuda_blas.cc:1407] Unable to register cuBLAS factory: Attempting to register factory for plugin cuBLAS when one has already been registered
W0000 00:00:1777043101.406832 1454837 computation_placer.cc:177] computation placer already registered. Please check linkage and avoid linking the same target more than once.
W0000 00:00:1777043101.406930 1454837 computation_placer.cc:177] computation placer already registered. Please check linkage and avoid linking the same target more than once.
W0000 00:00:1777043101.406939 1454837 computation_placer.cc:177] computation placer already registered. Please check linkage and avoid linking the same target more than once.
W0000 00:00:1777043101.406947 1454837 computation_placer.cc:177] computation placer already registered. Please check linkage and avoid linking the same target more than once.
2026-04-24 08:05:01.825666: I tensorflow/core/platform/cpu_feature_guard.cc:210] This TensorFlow binary is optimized to use available CPU instructions in performance-critical operations.
To enable the following instructions: AVX2 AVX512F AVX512_VNNI AVX512_BF16 AVX_VNNI FMA, in other operations, rebuild TensorFlow with the appropriate compiler flags.
numpy: OK 2.1.1
yaml: OK 6.0.3
tensorflow: OK 2.19.1
sionna: OK 1.2.2
torch: optional OK 2.11.0
python: 3.12.4 (main, Jun 12 2024, 16:22:31) [GCC 13.3.0]
Config: configs/fir_hybrid_bp_nsg_full.yaml
  output_dir: outputs/hybrid_bp_nsg_v12_pusch_crc_full
  code: sionna_nr_pusch_ldpc k=None n=512
  failed_snr_db_grid: [0, 1, 2, 3, 4, 5, 6, 7, 8, 9, 10]
  failed_snr_probs: [0.20202020202020202, 0.1717171717171717, 0.1414141414141414, 0.1212121212121212, 0.10101010101010101, 0.0808080808080808, 0.0707070707070707, 0.050505050505050504, 0.0303030303030303, 0.0202020202020202, 0.0101010101010101]
  failed_snr_probs_note: as_configured
  probability_sum: 1.000000000000
Config validation OK
2026-04-24 08:05:59.548984: I tensorflow/core/util/port.cc:153] oneDNN custom operations are on. You may see slightly different numerical results due to floating-point round-off errors from different computation orders. To turn them off, set the environment variable `TF_ENABLE_ONEDNN_OPTS=0`.
2026-04-24 08:05:59.560362: E external/local_xla/xla/stream_executor/cuda/cuda_fft.cc:467] Unable to register cuFFT factory: Attempting to register factory for plugin cuFFT when one has already been registered
WARNING: All log messages before absl::InitializeLog() is called are written to STDERR
E0000 00:00:1777043159.570582   14553 cuda_dnn.cc:8579] Unable to register cuDNN factory: Attempting to register factory for plugin cuDNN when one has already been registered
E0000 00:00:1777043159.573706   14553 cuda_blas.cc:1407] Unable to register cuBLAS factory: Attempting to register factory for plugin cuBLAS when one has already been registered
W0000 00:00:1777043159.583344   14553 computation_placer.cc:177] computation placer already registered. Please check linkage and avoid linking the same target more than once.
W0000 00:00:1777043159.583373   14553 computation_placer.cc:177] computation placer already registered. Please check linkage and avoid linking the same target more than once.
W0000 00:00:1777043159.583378   14553 computation_placer.cc:177] computation placer already registered. Please check linkage and avoid linking the same target more than once.
W0000 00:00:1777043159.583401   14553 computation_placer.cc:177] computation placer already registered. Please check linkage and avoid linking the same target more than once.
2026-04-24 08:05:59.586806: I tensorflow/core/platform/cpu_feature_guard.cc:210] This TensorFlow binary is optimized to use available CPU instructions in performance-critical operations.
To enable the following instructions: AVX2 AVX512F AVX512_VNNI AVX512_BF16 AVX_VNNI FMA, in other operations, rebuild TensorFlow with the appropriate compiler flags.
2026-04-24 08:06:04.764914: E external/local_xla/xla/stream_executor/cuda/cuda_platform.cc:51] failed call to cuInit: INTERNAL: CUDA error: Failed call to cuInit: UNKNOWN ERROR (303)
2026-04-24 08:06:10,841 | INFO | generate | Code summary: {"family": "sionna_nr_pusch_ldpc", "requested_n": 512, "requested_k": 256, "transport_k": 256, "ldpc_k": 272, "n_internal": 584, "n_transmitted": 512, "k": 272, "m": 312, "rate": 0.5, "edges": 1852, "avg_check_degree": 5.935897350311279, "max_check_degree": 8, "min_check_degree": 4, "avg_variable_degree": 3.1712329387664795, "num_punctured_internal_positions": 72, "num_transmitted_internal_positions": 512, "bg": "bg2", "metadata": {"num_coded_bits": 512, "target_coderate": 0.5, "num_bits_per_symbol": 2, "num_layers": 1, "tb_size": 256, "cb_size": 272, "num_cb": 1, "tb_crc_length": 16, "cb_crc_length": 0, "cw_length": [512], "use_scrambler": false, "interleaver_validated": true, "output_perm_inv_size": 512, "has_outer_crc": true, "pusch_channel_type": "PUSCH"}}
2026-04-24 08:06:10,841 | INFO | generate | Parallel generation with 32 workers
2026-04-24 08:06:12.167975: E external/local_xla/xla/stream_executor/cuda/cuda_fft.cc:467] Unable to register cuFFT factory: Attempting to register factory for plugin cuFFT when one has already been registered
WARNING: All log messages before absl::InitializeLog() is called are written to STDERR
E0000 00:00:1777043172.203867  306872 cuda_dnn.cc:8579] Unable to register cuDNN factory: Attempting to register factory for plugin cuDNN when one has already been registered
E0000 00:00:1777043172.214996  306872 cuda_blas.cc:1407] Unable to register cuBLAS factory: Attempting to register factory for plugin cuBLAS when one has already been registered
W0000 00:00:1777043172.292708  306872 computation_placer.cc:177] computation placer already registered. Please check linkage and avoid linking the same target more than once.
W0000 00:00:1777043172.292801  306872 computation_placer.cc:177] computation placer already registered. Please check linkage and avoid linking the same target more than once.
W0000 00:00:1777043172.292806  306872 computation_placer.cc:177] computation placer already registered. Please check linkage and avoid linking the same target more than once.
W0000 00:00:1777043172.292809  306872 computation_placer.cc:177] computation placer already registered. Please check linkage and avoid linking the same target more than once.
2026-04-24 08:06:12.361221: E external/local_xla/xla/stream_executor/cuda/cuda_fft.cc:467] Unable to register cuFFT factory: Attempting to register factory for plugin cuFFT when one has already been registered
2026-04-24 08:06:12.364072: E external/local_xla/xla/stream_executor/cuda/cuda_fft.cc:467] Unable to register cuFFT factory: Attempting to register factory for plugin cuFFT when one has already been registered
WARNING: All log messages before absl::InitializeLog() is called are written to STDERR
E0000 00:00:1777043172.391338  306995 cuda_dnn.cc:8579] Unable to register cuDNN factory: Attempting to register factory for plugin cuDNN when one has already been registered
WARNING: All log messages before absl::InitializeLog() is called are written to STDERR
E0000 00:00:1777043172.397317  306875 cuda_dnn.cc:8579] Unable to register cuDNN factory: Attempting to register factory for plugin cuDNN when one has already been registered
E0000 00:00:1777043172.401061  306995 cuda_blas.cc:1407] Unable to register cuBLAS factory: Attempting to register factory for plugin cuBLAS when one has already been registered
2026-04-24 08:06:12.403826: E external/local_xla/xla/stream_executor/cuda/cuda_fft.cc:467] Unable to register cuFFT factory: Attempting to register factory for plugin cuFFT when one has already been registered
2026-04-24 08:06:12.403954: E external/local_xla/xla/stream_executor/cuda/cuda_fft.cc:467] Unable to register cuFFT factory: Attempting to register factory for plugin cuFFT when one has already been registered
E0000 00:00:1777043172.407853  306875 cuda_blas.cc:1407] Unable to register cuBLAS factory: Attempting to register factory for plugin cuBLAS when one has already been registered
WARNING: All log messages before absl::InitializeLog() is called are written to STDERR
E0000 00:00:1777043172.437367  307379 cuda_dnn.cc:8579] Unable to register cuDNN factory: Attempting to register factory for plugin cuDNN when one has already been registered
WARNING: All log messages before absl::InitializeLog() is called are written to STDERR
E0000 00:00:1777043172.438849  306869 cuda_dnn.cc:8579] Unable to register cuDNN factory: Attempting to register factory for plugin cuDNN when one has already been registered
E0000 00:00:1777043172.447591  307379 cuda_blas.cc:1407] Unable to register cuBLAS factory: Attempting to register factory for plugin cuBLAS when one has already been registered
E0000 00:00:1777043172.450679  306869 cuda_blas.cc:1407] Unable to register cuBLAS factory: Attempting to register factory for plugin cuBLAS when one has already been registered
2026-04-24 08:06:12.452643: E external/local_xla/xla/stream_executor/cuda/cuda_fft.cc:467] Unable to register cuFFT factory: Attempting to register factory for plugin cuFFT when one has already been registered
W0000 00:00:1777043172.473821  306995 computation_placer.cc:177] computation placer already registered. Please check linkage and avoid linking the same target more than once.
W0000 00:00:1777043172.473882  306995 computation_placer.cc:177] computation placer already registered. Please check linkage and avoid linking the same target more than once.
W0000 00:00:1777043172.473886  306995 computation_placer.cc:177] computation placer already registered. Please check linkage and avoid linking the same target more than once.
W0000 00:00:1777043172.473890  306995 computation_placer.cc:177] computation placer already registered. Please check linkage and avoid linking the same target more than once.
W0000 00:00:1777043172.483892  306875 computation_placer.cc:177] computation placer already registered. Please check linkage and avoid linking the same target more than once.
W0000 00:00:1777043172.483949  306875 computation_placer.cc:177] computation placer already registered. Please check linkage and avoid linking the same target more than once.
W0000 00:00:1777043172.483954  306875 computation_placer.cc:177] computation placer already registered. Please check linkage and avoid linking the same target more than once.
W0000 00:00:1777043172.483957  306875 computation_placer.cc:177] computation placer already registered. Please check linkage and avoid linking the same target more than once.
WARNING: All log messages before absl::InitializeLog() is called are written to STDERR
E0000 00:00:1777043172.493887  307409 cuda_dnn.cc:8579] Unable to register cuDNN factory: Attempting to register factory for plugin cuDNN when one has already been registered
E0000 00:00:1777043172.506921  307409 cuda_blas.cc:1407] Unable to register cuBLAS factory: Attempting to register factory for plugin cuBLAS when one has already been registered
2026-04-24 08:06:12.514636: E external/local_xla/xla/stream_executor/cuda/cuda_fft.cc:467] Unable to register cuFFT factory: Attempting to register factory for plugin cuFFT when one has already been registered
2026-04-24 08:06:12.535793: E external/local_xla/xla/stream_executor/cuda/cuda_fft.cc:467] Unable to register cuFFT factory: Attempting to register factory for plugin cuFFT when one has already been registered
W0000 00:00:1777043172.538054  307379 computation_placer.cc:177] computation placer already registered. Please check linkage and avoid linking the same target more than once.
W0000 00:00:1777043172.538123  307379 computation_placer.cc:177] computation placer already registered. Please check linkage and avoid linking the same target more than once.
W0000 00:00:1777043172.538128  307379 computation_placer.cc:177] computation placer already registered. Please check linkage and avoid linking the same target more than once.
W0000 00:00:1777043172.538132  307379 computation_placer.cc:177] computation placer already registered. Please check linkage and avoid linking the same target more than once.
2026-04-24 08:06:12.539582: E external/local_xla/xla/stream_executor/cuda/cuda_fft.cc:467] Unable to register cuFFT factory: Attempting to register factory for plugin cuFFT when one has already been registered
2026-04-24 08:06:12.539649: E external/local_xla/xla/stream_executor/cuda/cuda_fft.cc:467] Unable to register cuFFT factory: Attempting to register factory for plugin cuFFT when one has already been registered
2026-04-24 08:06:12.539674: E external/local_xla/xla/stream_executor/cuda/cuda_fft.cc:467] Unable to register cuFFT factory: Attempting to register factory for plugin cuFFT when one has already been registered
2026-04-24 08:06:12.539777: E external/local_xla/xla/stream_executor/cuda/cuda_fft.cc:467] Unable to register cuFFT factory: Attempting to register factory for plugin cuFFT when one has already been registered
2026-04-24 08:06:12.540276: E external/local_xla/xla/stream_executor/cuda/cuda_fft.cc:467] Unable to register cuFFT factory: Attempting to register factory for plugin cuFFT when one has already been registered
2026-04-24 08:06:12.540310: E external/local_xla/xla/stream_executor/cuda/cuda_fft.cc:467] Unable to register cuFFT factory: Attempting to register factory for plugin cuFFT when one has already been registered
2026-04-24 08:06:12.540514: E external/local_xla/xla/stream_executor/cuda/cuda_fft.cc:467] Unable to register cuFFT factory: Attempting to register factory for plugin cuFFT when one has already been registered
2026-04-24 08:06:12.542426: E external/local_xla/xla/stream_executor/cuda/cuda_fft.cc:467] Unable to register cuFFT factory: Attempting to register factory for plugin cuFFT when one has already been registered
2026-04-24 08:06:12.545733: E external/local_xla/xla/stream_executor/cuda/cuda_fft.cc:467] Unable to register cuFFT factory: Attempting to register factory for plugin cuFFT when one has already been registered
W0000 00:00:1777043172.547912  306869 computation_placer.cc:177] computation placer already registered. Please check linkage and avoid linking the same target more than once.
W0000 00:00:1777043172.547953  306869 computation_placer.cc:177] computation placer already registered. Please check linkage and avoid linking the same target more than once.
W0000 00:00:1777043172.547959  306869 computation_placer.cc:177] computation placer already registered. Please check linkage and avoid linking the same target more than once.
W0000 00:00:1777043172.547963  306869 computation_placer.cc:177] computation placer already registered. Please check linkage and avoid linking the same target more than once.
2026-04-24 08:06:12.549372: E external/local_xla/xla/stream_executor/cuda/cuda_fft.cc:467] Unable to register cuFFT factory: Attempting to register factory for plugin cuFFT when one has already been registered
WARNING: All log messages before absl::InitializeLog() is called are written to STDERR
E0000 00:00:1777043172.552015  307760 cuda_dnn.cc:8579] Unable to register cuDNN factory: Attempting to register factory for plugin cuDNN when one has already been registered
2026-04-24 08:06:12.558869: E external/local_xla/xla/stream_executor/cuda/cuda_fft.cc:467] Unable to register cuFFT factory: Attempting to register factory for plugin cuFFT when one has already been registered
2026-04-24 08:06:12.560993: E external/local_xla/xla/stream_executor/cuda/cuda_fft.cc:467] Unable to register cuFFT factory: Attempting to register factory for plugin cuFFT when one has already been registered
2026-04-24 08:06:12.563089: E external/local_xla/xla/stream_executor/cuda/cuda_fft.cc:467] Unable to register cuFFT factory: Attempting to register factory for plugin cuFFT when one has already been registered
E0000 00:00:1777043172.563616  307760 cuda_blas.cc:1407] Unable to register cuBLAS factory: Attempting to register factory for plugin cuBLAS when one has already been registered
WARNING: All log messages before absl::InitializeLog() is called are written to STDERR
E0000 00:00:1777043172.571505  307763 cuda_dnn.cc:8579] Unable to register cuDNN factory: Attempting to register factory for plugin cuDNN when one has already been registered
WARNING: All log messages before absl::InitializeLog() is called are written to STDERR
E0000 00:00:1777043172.574039  307754 cuda_dnn.cc:8579] Unable to register cuDNN factory: Attempting to register factory for plugin cuDNN when one has already been registered
WARNING: All log messages before absl::InitializeLog() is called are written to STDERR
E0000 00:00:1777043172.574105  307756 cuda_dnn.cc:8579] Unable to register cuDNN factory: Attempting to register factory for plugin cuDNN when one has already been registered
WARNING: All log messages before absl::InitializeLog() is called are written to STDERR
E0000 00:00:1777043172.574216  307758 cuda_dnn.cc:8579] Unable to register cuDNN factory: Attempting to register factory for plugin cuDNN when one has already been registered
WARNING: All log messages before absl::InitializeLog() is called are written to STDERR
E0000 00:00:1777043172.574258  308140 cuda_dnn.cc:8579] Unable to register cuDNN factory: Attempting to register factory for plugin cuDNN when one has already been registered
WARNING: All log messages before absl::InitializeLog() is called are written to STDERR
E0000 00:00:1777043172.574285  307759 cuda_dnn.cc:8579] Unable to register cuDNN factory: Attempting to register factory for plugin cuDNN when one has already been registered
WARNING: All log messages before absl::InitializeLog() is called are written to STDERR
E0000 00:00:1777043172.574392  308139 cuda_dnn.cc:8579] Unable to register cuDNN factory: Attempting to register factory for plugin cuDNN when one has already been registered
2026-04-24 08:06:12.575790: E external/local_xla/xla/stream_executor/cuda/cuda_fft.cc:467] Unable to register cuFFT factory: Attempting to register factory for plugin cuFFT when one has already been registered
WARNING: All log messages before absl::InitializeLog() is called are written to STDERR
E0000 00:00:1777043172.576958  307753 cuda_dnn.cc:8579] Unable to register cuDNN factory: Attempting to register factory for plugin cuDNN when one has already been registered
WARNING: All log messages before absl::InitializeLog() is called are written to STDERR
E0000 00:00:1777043172.578695  308066 cuda_dnn.cc:8579] Unable to register cuDNN factory: Attempting to register factory for plugin cuDNN when one has already been registered
WARNING: All log messages before absl::InitializeLog() is called are written to STDERR
E0000 00:00:1777043172.578777  308142 cuda_dnn.cc:8579] Unable to register cuDNN factory: Attempting to register factory for plugin cuDNN when one has already been registered
E0000 00:00:1777043172.581929  307763 cuda_blas.cc:1407] Unable to register cuBLAS factory: Attempting to register factory for plugin cuBLAS when one has already been registered
WARNING: All log messages before absl::InitializeLog() is called are written to STDERR
E0000 00:00:1777043172.584207  308133 cuda_dnn.cc:8579] Unable to register cuDNN factory: Attempting to register factory for plugin cuDNN when one has already been registered
E0000 00:00:1777043172.584445  307756 cuda_blas.cc:1407] Unable to register cuBLAS factory: Attempting to register factory for plugin cuBLAS when one has already been registered
E0000 00:00:1777043172.584643  308140 cuda_blas.cc:1407] Unable to register cuBLAS factory: Attempting to register factory for plugin cuBLAS when one has already been registered
E0000 00:00:1777043172.584685  307754 cuda_blas.cc:1407] Unable to register cuBLAS factory: Attempting to register factory for plugin cuBLAS when one has already been registered
E0000 00:00:1777043172.584749  307758 cuda_blas.cc:1407] Unable to register cuBLAS factory: Attempting to register factory for plugin cuBLAS when one has already been registered
E0000 00:00:1777043172.584852  308139 cuda_blas.cc:1407] Unable to register cuBLAS factory: Attempting to register factory for plugin cuBLAS when one has already been registered
E0000 00:00:1777043172.584910  307759 cuda_blas.cc:1407] Unable to register cuBLAS factory: Attempting to register factory for plugin cuBLAS when one has already been registered
E0000 00:00:1777043172.587939  307753 cuda_blas.cc:1407] Unable to register cuBLAS factory: Attempting to register factory for plugin cuBLAS when one has already been registered
E0000 00:00:1777043172.588710  308142 cuda_blas.cc:1407] Unable to register cuBLAS factory: Attempting to register factory for plugin cuBLAS when one has already been registered
E0000 00:00:1777043172.590025  308066 cuda_blas.cc:1407] Unable to register cuBLAS factory: Attempting to register factory for plugin cuBLAS when one has already been registered
W0000 00:00:1777043172.590994  307409 computation_placer.cc:177] computation placer already registered. Please check linkage and avoid linking the same target more than once.
W0000 00:00:1777043172.591071  307409 computation_placer.cc:177] computation placer already registered. Please check linkage and avoid linking the same target more than once.
W0000 00:00:1777043172.591076  307409 computation_placer.cc:177] computation placer already registered. Please check linkage and avoid linking the same target more than once.
W0000 00:00:1777043172.591079  307409 computation_placer.cc:177] computation placer already registered. Please check linkage and avoid linking the same target more than once.
2026-04-24 08:06:12.591406: E external/local_xla/xla/stream_executor/cuda/cuda_fft.cc:467] Unable to register cuFFT factory: Attempting to register factory for plugin cuFFT when one has already been registered
2026-04-24 08:06:12.593360: E external/local_xla/xla/stream_executor/cuda/cuda_fft.cc:467] Unable to register cuFFT factory: Attempting to register factory for plugin cuFFT when one has already been registered
WARNING: All log messages before absl::InitializeLog() is called are written to STDERR
E0000 00:00:1777043172.593820  307755 cuda_dnn.cc:8579] Unable to register cuDNN factory: Attempting to register factory for plugin cuDNN when one has already been registered
WARNING: All log messages before absl::InitializeLog() is called are written to STDERR
E0000 00:00:1777043172.594987  307752 cuda_dnn.cc:8579] Unable to register cuDNN factory: Attempting to register factory for plugin cuDNN when one has already been registered
E0000 00:00:1777043172.595195  308133 cuda_blas.cc:1407] Unable to register cuBLAS factory: Attempting to register factory for plugin cuBLAS when one has already been registered
WARNING: All log messages before absl::InitializeLog() is called are written to STDERR
E0000 00:00:1777043172.598616  307762 cuda_dnn.cc:8579] Unable to register cuDNN factory: Attempting to register factory for plugin cuDNN when one has already been registered
E0000 00:00:1777043172.604890  307755 cuda_blas.cc:1407] Unable to register cuBLAS factory: Attempting to register factory for plugin cuBLAS when one has already been registered
E0000 00:00:1777043172.606191  307752 cuda_blas.cc:1407] Unable to register cuBLAS factory: Attempting to register factory for plugin cuBLAS when one has already been registered
E0000 00:00:1777043172.609200  307762 cuda_blas.cc:1407] Unable to register cuBLAS factory: Attempting to register factory for plugin cuBLAS when one has already been registered
WARNING: All log messages before absl::InitializeLog() is called are written to STDERR
E0000 00:00:1777043172.614403  307381 cuda_dnn.cc:8579] Unable to register cuDNN factory: Attempting to register factory for plugin cuDNN when one has already been registered
2026-04-24 08:06:12.625917: E external/local_xla/xla/stream_executor/cuda/cuda_fft.cc:467] Unable to register cuFFT factory: Attempting to register factory for plugin cuFFT when one has already been registered
E0000 00:00:1777043172.627138  307381 cuda_blas.cc:1407] Unable to register cuBLAS factory: Attempting to register factory for plugin cuBLAS when one has already been registered
WARNING: All log messages before absl::InitializeLog() is called are written to STDERR
WARNING: All log messages before absl::InitializeLog() is called are written to STDERR
E0000 00:00:1777043172.627954  307764 cuda_dnn.cc:8579] Unable to register cuDNN factory: Attempting to register factory for plugin cuDNN when one has already been registered
E0000 00:00:1777043172.628564  307761 cuda_dnn.cc:8579] Unable to register cuDNN factory: Attempting to register factory for plugin cuDNN when one has already been registered
2026-04-24 08:06:12.632638: E external/local_xla/xla/stream_executor/cuda/cuda_fft.cc:467] Unable to register cuFFT factory: Attempting to register factory for plugin cuFFT when one has already been registered
2026-04-24 08:06:12.634813: E external/local_xla/xla/stream_executor/cuda/cuda_fft.cc:467] Unable to register cuFFT factory: Attempting to register factory for plugin cuFFT when one has already been registered
E0000 00:00:1777043172.641190  307761 cuda_blas.cc:1407] Unable to register cuBLAS factory: Attempting to register factory for plugin cuBLAS when one has already been registered
E0000 00:00:1777043172.641375  307764 cuda_blas.cc:1407] Unable to register cuBLAS factory: Attempting to register factory for plugin cuBLAS when one has already been registered
W0000 00:00:1777043172.643784  307760 computation_placer.cc:177] computation placer already registered. Please check linkage and avoid linking the same target more than once.
W0000 00:00:1777043172.643828  307760 computation_placer.cc:177] computation placer already registered. Please check linkage and avoid linking the same target more than once.
W0000 00:00:1777043172.643833  307760 computation_placer.cc:177] computation placer already registered. Please check linkage and avoid linking the same target more than once.
W0000 00:00:1777043172.643837  307760 computation_placer.cc:177] computation placer already registered. Please check linkage and avoid linking the same target more than once.
2026-04-24 08:06:12.647813: E external/local_xla/xla/stream_executor/cuda/cuda_fft.cc:467] Unable to register cuFFT factory: Attempting to register factory for plugin cuFFT when one has already been registered
W0000 00:00:1777043172.660051  307754 computation_placer.cc:177] computation placer already registered. Please check linkage and avoid linking the same target more than once.
W0000 00:00:1777043172.660086  307754 computation_placer.cc:177] computation placer already registered. Please check linkage and avoid linking the same target more than once.
W0000 00:00:1777043172.660092  307754 computation_placer.cc:177] computation placer already registered. Please check linkage and avoid linking the same target more than once.
W0000 00:00:1777043172.660096  307754 computation_placer.cc:177] computation placer already registered. Please check linkage and avoid linking the same target more than once.
W0000 00:00:1777043172.660225  307759 computation_placer.cc:177] computation placer already registered. Please check linkage and avoid linking the same target more than once.
W0000 00:00:1777043172.660254  307759 computation_placer.cc:177] computation placer already registered. Please check linkage and avoid linking the same target more than once.
W0000 00:00:1777043172.660259  307759 computation_placer.cc:177] computation placer already registered. Please check linkage and avoid linking the same target more than once.
W0000 00:00:1777043172.660263  307759 computation_placer.cc:177] computation placer already registered. Please check linkage and avoid linking the same target more than once.
W0000 00:00:1777043172.660396  307758 computation_placer.cc:177] computation placer already registered. Please check linkage and avoid linking the same target more than once.
W0000 00:00:1777043172.660448  307758 computation_placer.cc:177] computation placer already registered. Please check linkage and avoid linking the same target more than once.
W0000 00:00:1777043172.660454  307758 computation_placer.cc:177] computation placer already registered. Please check linkage and avoid linking the same target more than once.
W0000 00:00:1777043172.660457  307758 computation_placer.cc:177] computation placer already registered. Please check linkage and avoid linking the same target more than once.
W0000 00:00:1777043172.660509  308140 computation_placer.cc:177] computation placer already registered. Please check linkage and avoid linking the same target more than once.
W0000 00:00:1777043172.660533  308140 computation_placer.cc:177] computation placer already registered. Please check linkage and avoid linking the same target more than once.
W0000 00:00:1777043172.660538  308140 computation_placer.cc:177] computation placer already registered. Please check linkage and avoid linking the same target more than once.
W0000 00:00:1777043172.660542  308140 computation_placer.cc:177] computation placer already registered. Please check linkage and avoid linking the same target more than once.
W0000 00:00:1777043172.660703  307756 computation_placer.cc:177] computation placer already registered. Please check linkage and avoid linking the same target more than once.
W0000 00:00:1777043172.660732  307756 computation_placer.cc:177] computation placer already registered. Please check linkage and avoid linking the same target more than once.
W0000 00:00:1777043172.660738  307756 computation_placer.cc:177] computation placer already registered. Please check linkage and avoid linking the same target more than once.
W0000 00:00:1777043172.660742  307756 computation_placer.cc:177] computation placer already registered. Please check linkage and avoid linking the same target more than once.
W0000 00:00:1777043172.661509  308139 computation_placer.cc:177] computation placer already registered. Please check linkage and avoid linking the same target more than once.
W0000 00:00:1777043172.661538  308139 computation_placer.cc:177] computation placer already registered. Please check linkage and avoid linking the same target more than once.
W0000 00:00:1777043172.661544  308139 computation_placer.cc:177] computation placer already registered. Please check linkage and avoid linking the same target more than once.
W0000 00:00:1777043172.661548  308139 computation_placer.cc:177] computation placer already registered. Please check linkage and avoid linking the same target more than once.
W0000 00:00:1777043172.663702  307763 computation_placer.cc:177] computation placer already registered. Please check linkage and avoid linking the same target more than once.
W0000 00:00:1777043172.663738  307763 computation_placer.cc:177] computation placer already registered. Please check linkage and avoid linking the same target more than once.
W0000 00:00:1777043172.663743  307763 computation_placer.cc:177] computation placer already registered. Please check linkage and avoid linking the same target more than once.
W0000 00:00:1777043172.663748  307763 computation_placer.cc:177] computation placer already registered. Please check linkage and avoid linking the same target more than once.
W0000 00:00:1777043172.663745  308142 computation_placer.cc:177] computation placer already registered. Please check linkage and avoid linking the same target more than once.
W0000 00:00:1777043172.663778  308142 computation_placer.cc:177] computation placer already registered. Please check linkage and avoid linking the same target more than once.
W0000 00:00:1777043172.663783  308142 computation_placer.cc:177] computation placer already registered. Please check linkage and avoid linking the same target more than once.
W0000 00:00:1777043172.663786  308142 computation_placer.cc:177] computation placer already registered. Please check linkage and avoid linking the same target more than once.
WARNING: All log messages before absl::InitializeLog() is called are written to STDERR
E0000 00:00:1777043172.665454  307757 cuda_dnn.cc:8579] Unable to register cuDNN factory: Attempting to register factory for plugin cuDNN when one has already been registered
WARNING: All log messages before absl::InitializeLog() is called are written to STDERR
E0000 00:00:1777043172.667400  308137 cuda_dnn.cc:8579] Unable to register cuDNN factory: Attempting to register factory for plugin cuDNN when one has already been registered
W0000 00:00:1777043172.668191  307753 computation_placer.cc:177] computation placer already registered. Please check linkage and avoid linking the same target more than once.
W0000 00:00:1777043172.668227  307753 computation_placer.cc:177] computation placer already registered. Please check linkage and avoid linking the same target more than once.
W0000 00:00:1777043172.668233  307753 computation_placer.cc:177] computation placer already registered. Please check linkage and avoid linking the same target more than once.
W0000 00:00:1777043172.668236  307753 computation_placer.cc:177] computation placer already registered. Please check linkage and avoid linking the same target more than once.
W0000 00:00:1777043172.669697  308066 computation_placer.cc:177] computation placer already registered. Please check linkage and avoid linking the same target more than once.
W0000 00:00:1777043172.669737  308066 computation_placer.cc:177] computation placer already registered. Please check linkage and avoid linking the same target more than once.
W0000 00:00:1777043172.669742  308066 computation_placer.cc:177] computation placer already registered. Please check linkage and avoid linking the same target more than once.
W0000 00:00:1777043172.669747  308066 computation_placer.cc:177] computation placer already registered. Please check linkage and avoid linking the same target more than once.
WARNING: All log messages before absl::InitializeLog() is called are written to STDERR
E0000 00:00:1777043172.670727  308138 cuda_dnn.cc:8579] Unable to register cuDNN factory: Attempting to register factory for plugin cuDNN when one has already been registered
W0000 00:00:1777043172.673075  308133 computation_placer.cc:177] computation placer already registered. Please check linkage and avoid linking the same target more than once.
W0000 00:00:1777043172.673107  308133 computation_placer.cc:177] computation placer already registered. Please check linkage and avoid linking the same target more than once.
W0000 00:00:1777043172.673112  308133 computation_placer.cc:177] computation placer already registered. Please check linkage and avoid linking the same target more than once.
W0000 00:00:1777043172.673116  308133 computation_placer.cc:177] computation placer already registered. Please check linkage and avoid linking the same target more than once.
E0000 00:00:1777043172.675952  307757 cuda_blas.cc:1407] Unable to register cuBLAS factory: Attempting to register factory for plugin cuBLAS when one has already been registered
E0000 00:00:1777043172.676742  308137 cuda_blas.cc:1407] Unable to register cuBLAS factory: Attempting to register factory for plugin cuBLAS when one has already been registered
E0000 00:00:1777043172.679796  308138 cuda_blas.cc:1407] Unable to register cuBLAS factory: Attempting to register factory for plugin cuBLAS when one has already been registered
WARNING: All log messages before absl::InitializeLog() is called are written to STDERR
E0000 00:00:1777043172.680054  308141 cuda_dnn.cc:8579] Unable to register cuDNN factory: Attempting to register factory for plugin cuDNN when one has already been registered
W0000 00:00:1777043172.681445  307755 computation_placer.cc:177] computation placer already registered. Please check linkage and avoid linking the same target more than once.
W0000 00:00:1777043172.681497  307755 computation_placer.cc:177] computation placer already registered. Please check linkage and avoid linking the same target more than once.
W0000 00:00:1777043172.681502  307755 computation_placer.cc:177] computation placer already registered. Please check linkage and avoid linking the same target more than once.
W0000 00:00:1777043172.681530  307755 computation_placer.cc:177] computation placer already registered. Please check linkage and avoid linking the same target more than once.
W0000 00:00:1777043172.682597  307752 computation_placer.cc:177] computation placer already registered. Please check linkage and avoid linking the same target more than once.
W0000 00:00:1777043172.682641  307752 computation_placer.cc:177] computation placer already registered. Please check linkage and avoid linking the same target more than once.
W0000 00:00:1777043172.682646  307752 computation_placer.cc:177] computation placer already registered. Please check linkage and avoid linking the same target more than once.
W0000 00:00:1777043172.682651  307752 computation_placer.cc:177] computation placer already registered. Please check linkage and avoid linking the same target more than once.
W0000 00:00:1777043172.682957  307762 computation_placer.cc:177] computation placer already registered. Please check linkage and avoid linking the same target more than once.
W0000 00:00:1777043172.682992  307762 computation_placer.cc:177] computation placer already registered. Please check linkage and avoid linking the same target more than once.
W0000 00:00:1777043172.682999  307762 computation_placer.cc:177] computation placer already registered. Please check linkage and avoid linking the same target more than once.
W0000 00:00:1777043172.683003  307762 computation_placer.cc:177] computation placer already registered. Please check linkage and avoid linking the same target more than once.
E0000 00:00:1777043172.687155  308141 cuda_blas.cc:1407] Unable to register cuBLAS factory: Attempting to register factory for plugin cuBLAS when one has already been registered
W0000 00:00:1777043172.696950  307381 computation_placer.cc:177] computation placer already registered. Please check linkage and avoid linking the same target more than once.
W0000 00:00:1777043172.696994  307381 computation_placer.cc:177] computation placer already registered. Please check linkage and avoid linking the same target more than once.
W0000 00:00:1777043172.697002  307381 computation_placer.cc:177] computation placer already registered. Please check linkage and avoid linking the same target more than once.
W0000 00:00:1777043172.697006  307381 computation_placer.cc:177] computation placer already registered. Please check linkage and avoid linking the same target more than once.
W0000 00:00:1777043172.698209  307761 computation_placer.cc:177] computation placer already registered. Please check linkage and avoid linking the same target more than once.
W0000 00:00:1777043172.698262  307761 computation_placer.cc:177] computation placer already registered. Please check linkage and avoid linking the same target more than once.
W0000 00:00:1777043172.698269  307761 computation_placer.cc:177] computation placer already registered. Please check linkage and avoid linking the same target more than once.
W0000 00:00:1777043172.698274  307761 computation_placer.cc:177] computation placer already registered. Please check linkage and avoid linking the same target more than once.
W0000 00:00:1777043172.698577  307764 computation_placer.cc:177] computation placer already registered. Please check linkage and avoid linking the same target more than once.
W0000 00:00:1777043172.698623  307764 computation_placer.cc:177] computation placer already registered. Please check linkage and avoid linking the same target more than once.
W0000 00:00:1777043172.698629  307764 computation_placer.cc:177] computation placer already registered. Please check linkage and avoid linking the same target more than once.
W0000 00:00:1777043172.698633  307764 computation_placer.cc:177] computation placer already registered. Please check linkage and avoid linking the same target more than once.
2026-04-24 08:06:12.701206: E external/local_xla/xla/stream_executor/cuda/cuda_fft.cc:467] Unable to register cuFFT factory: Attempting to register factory for plugin cuFFT when one has already been registered
W0000 00:00:1777043172.709082  308137 computation_placer.cc:177] computation placer already registered. Please check linkage and avoid linking the same target more than once.
W0000 00:00:1777043172.709144  308137 computation_placer.cc:177] computation placer already registered. Please check linkage and avoid linking the same target more than once.
W0000 00:00:1777043172.709152  308137 computation_placer.cc:177] computation placer already registered. Please check linkage and avoid linking the same target more than once.
W0000 00:00:1777043172.709157  308137 computation_placer.cc:177] computation placer already registered. Please check linkage and avoid linking the same target more than once.
W0000 00:00:1777043172.710865  307757 computation_placer.cc:177] computation placer already registered. Please check linkage and avoid linking the same target more than once.
W0000 00:00:1777043172.710926  307757 computation_placer.cc:177] computation placer already registered. Please check linkage and avoid linking the same target more than once.
W0000 00:00:1777043172.710932  307757 computation_placer.cc:177] computation placer already registered. Please check linkage and avoid linking the same target more than once.
W0000 00:00:1777043172.710936  307757 computation_placer.cc:177] computation placer already registered. Please check linkage and avoid linking the same target more than once.
W0000 00:00:1777043172.711992  308138 computation_placer.cc:177] computation placer already registered. Please check linkage and avoid linking the same target more than once.
W0000 00:00:1777043172.712048  308138 computation_placer.cc:177] computation placer already registered. Please check linkage and avoid linking the same target more than once.
W0000 00:00:1777043172.712053  308138 computation_placer.cc:177] computation placer already registered. Please check linkage and avoid linking the same target more than once.
W0000 00:00:1777043172.712059  308138 computation_placer.cc:177] computation placer already registered. Please check linkage and avoid linking the same target more than once.
W0000 00:00:1777043172.714809  308141 computation_placer.cc:177] computation placer already registered. Please check linkage and avoid linking the same target more than once.
W0000 00:00:1777043172.714851  308141 computation_placer.cc:177] computation placer already registered. Please check linkage and avoid linking the same target more than once.
W0000 00:00:1777043172.714857  308141 computation_placer.cc:177] computation placer already registered. Please check linkage and avoid linking the same target more than once.
W0000 00:00:1777043172.714861  308141 computation_placer.cc:177] computation placer already registered. Please check linkage and avoid linking the same target more than once.
WARNING: All log messages before absl::InitializeLog() is called are written to STDERR
E0000 00:00:1777043172.717313  307380 cuda_dnn.cc:8579] Unable to register cuDNN factory: Attempting to register factory for plugin cuDNN when one has already been registered
E0000 00:00:1777043172.720536  307380 cuda_blas.cc:1407] Unable to register cuBLAS factory: Attempting to register factory for plugin cuBLAS when one has already been registered
2026-04-24 08:06:12.722148: E external/local_xla/xla/stream_executor/cuda/cuda_fft.cc:467] Unable to register cuFFT factory: Attempting to register factory for plugin cuFFT when one has already been registered
W0000 00:00:1777043172.730546  307380 computation_placer.cc:177] computation placer already registered. Please check linkage and avoid linking the same target more than once.
W0000 00:00:1777043172.730584  307380 computation_placer.cc:177] computation placer already registered. Please check linkage and avoid linking the same target more than once.
W0000 00:00:1777043172.730590  307380 computation_placer.cc:177] computation placer already registered. Please check linkage and avoid linking the same target more than once.
W0000 00:00:1777043172.730596  307380 computation_placer.cc:177] computation placer already registered. Please check linkage and avoid linking the same target more than once.
WARNING: All log messages before absl::InitializeLog() is called are written to STDERR
E0000 00:00:1777043172.733344  308018 cuda_dnn.cc:8579] Unable to register cuDNN factory: Attempting to register factory for plugin cuDNN when one has already been registered
E0000 00:00:1777043172.736700  308018 cuda_blas.cc:1407] Unable to register cuBLAS factory: Attempting to register factory for plugin cuBLAS when one has already been registered
W0000 00:00:1777043172.746884  308018 computation_placer.cc:177] computation placer already registered. Please check linkage and avoid linking the same target more than once.
W0000 00:00:1777043172.746947  308018 computation_placer.cc:177] computation placer already registered. Please check linkage and avoid linking the same target more than once.
W0000 00:00:1777043172.746954  308018 computation_placer.cc:177] computation placer already registered. Please check linkage and avoid linking the same target more than once.
W0000 00:00:1777043172.746959  308018 computation_placer.cc:177] computation placer already registered. Please check linkage and avoid linking the same target more than once.
2026-04-24 08:06:12.839870: E external/local_xla/xla/stream_executor/cuda/cuda_fft.cc:467] Unable to register cuFFT factory: Attempting to register factory for plugin cuFFT when one has already been registered
2026-04-24 08:06:12.847024: E external/local_xla/xla/stream_executor/cuda/cuda_fft.cc:467] Unable to register cuFFT factory: Attempting to register factory for plugin cuFFT when one has already been registered
WARNING: All log messages before absl::InitializeLog() is called are written to STDERR
E0000 00:00:1777043172.848619  307548 cuda_dnn.cc:8579] Unable to register cuDNN factory: Attempting to register factory for plugin cuDNN when one has already been registered
E0000 00:00:1777043172.851293  307548 cuda_blas.cc:1407] Unable to register cuBLAS factory: Attempting to register factory for plugin cuBLAS when one has already been registered
WARNING: All log messages before absl::InitializeLog() is called are written to STDERR
E0000 00:00:1777043172.856204  307803 cuda_dnn.cc:8579] Unable to register cuDNN factory: Attempting to register factory for plugin cuDNN when one has already been registered
E0000 00:00:1777043172.858948  307803 cuda_blas.cc:1407] Unable to register cuBLAS factory: Attempting to register factory for plugin cuBLAS when one has already been registered
W0000 00:00:1777043172.859136  307548 computation_placer.cc:177] computation placer already registered. Please check linkage and avoid linking the same target more than once.
W0000 00:00:1777043172.859178  307548 computation_placer.cc:177] computation placer already registered. Please check linkage and avoid linking the same target more than once.
W0000 00:00:1777043172.859183  307548 computation_placer.cc:177] computation placer already registered. Please check linkage and avoid linking the same target more than once.
W0000 00:00:1777043172.859187  307548 computation_placer.cc:177] computation placer already registered. Please check linkage and avoid linking the same target more than once.
W0000 00:00:1777043172.867010  307803 computation_placer.cc:177] computation placer already registered. Please check linkage and avoid linking the same target more than once.
W0000 00:00:1777043172.867055  307803 computation_placer.cc:177] computation placer already registered. Please check linkage and avoid linking the same target more than once.
W0000 00:00:1777043172.867060  307803 computation_placer.cc:177] computation placer already registered. Please check linkage and avoid linking the same target more than once.
W0000 00:00:1777043172.867065  307803 computation_placer.cc:177] computation placer already registered. Please check linkage and avoid linking the same target more than once.
2026-04-24 08:06:17.581085: E external/local_xla/xla/stream_executor/cuda/cuda_platform.cc:51] failed call to cuInit: INTERNAL: CUDA error: Failed call to cuInit: UNKNOWN ERROR (303)
2026-04-24 08:06:17.707059: E external/local_xla/xla/stream_executor/cuda/cuda_platform.cc:51] failed call to cuInit: INTERNAL: CUDA error: Failed call to cuInit: UNKNOWN ERROR (303)
2026-04-24 08:06:17.882522: E external/local_xla/xla/stream_executor/cuda/cuda_platform.cc:51] failed call to cuInit: INTERNAL: CUDA error: Failed call to cuInit: UNKNOWN ERROR (303)
2026-04-24 08:06:18.003939: E external/local_xla/xla/stream_executor/cuda/cuda_platform.cc:51] failed call to cuInit: INTERNAL: CUDA error: Failed call to cuInit: UNKNOWN ERROR (303)
2026-04-24 08:06:18.005454: E external/local_xla/xla/stream_executor/cuda/cuda_platform.cc:51] failed call to cuInit: INTERNAL: CUDA error: Failed call to cuInit: UNKNOWN ERROR (303)
2026-04-24 08:06:18.205115: E external/local_xla/xla/stream_executor/cuda/cuda_platform.cc:51] failed call to cuInit: INTERNAL: CUDA error: Failed call to cuInit: UNKNOWN ERROR (303)
2026-04-24 08:06:18.213909: E external/local_xla/xla/stream_executor/cuda/cuda_platform.cc:51] failed call to cuInit: INTERNAL: CUDA error: Failed call to cuInit: UNKNOWN ERROR (303)
2026-04-24 08:06:18.269900: E external/local_xla/xla/stream_executor/cuda/cuda_platform.cc:51] failed call to cuInit: INTERNAL: CUDA error: Failed call to cuInit: UNKNOWN ERROR (303)
2026-04-24 08:06:18.392881: E external/local_xla/xla/stream_executor/cuda/cuda_platform.cc:51] failed call to cuInit: INTERNAL: CUDA error: Failed call to cuInit: UNKNOWN ERROR (303)
2026-04-24 08:06:18.414391: E external/local_xla/xla/stream_executor/cuda/cuda_platform.cc:51] failed call to cuInit: INTERNAL: CUDA error: Failed call to cuInit: UNKNOWN ERROR (303)
2026-04-24 08:06:18.428086: E external/local_xla/xla/stream_executor/cuda/cuda_platform.cc:51] failed call to cuInit: INTERNAL: CUDA error: Failed call to cuInit: UNKNOWN ERROR (303)
2026-04-24 08:06:18.432946: E external/local_xla/xla/stream_executor/cuda/cuda_platform.cc:51] failed call to cuInit: INTERNAL: CUDA error: Failed call to cuInit: UNKNOWN ERROR (303)
2026-04-24 08:06:18.458569: E external/local_xla/xla/stream_executor/cuda/cuda_platform.cc:51] failed call to cuInit: INTERNAL: CUDA error: Failed call to cuInit: UNKNOWN ERROR (303)
2026-04-24 08:06:18.557989: E external/local_xla/xla/stream_executor/cuda/cuda_platform.cc:51] failed call to cuInit: INTERNAL: CUDA error: Failed call to cuInit: UNKNOWN ERROR (303)
2026-04-24 08:06:18.612204: E external/local_xla/xla/stream_executor/cuda/cuda_platform.cc:51] failed call to cuInit: INTERNAL: CUDA error: Failed call to cuInit: UNKNOWN ERROR (303)
2026-04-24 08:06:18.637961: E external/local_xla/xla/stream_executor/cuda/cuda_platform.cc:51] failed call to cuInit: INTERNAL: CUDA error: Failed call to cuInit: UNKNOWN ERROR (303)
2026-04-24 08:06:18.649270: E external/local_xla/xla/stream_executor/cuda/cuda_platform.cc:51] failed call to cuInit: INTERNAL: CUDA error: Failed call to cuInit: UNKNOWN ERROR (303)
2026-04-24 08:06:18.669975: E external/local_xla/xla/stream_executor/cuda/cuda_platform.cc:51] failed call to cuInit: INTERNAL: CUDA error: Failed call to cuInit: UNKNOWN ERROR (303)
2026-04-24 08:06:18.681855: E external/local_xla/xla/stream_executor/cuda/cuda_platform.cc:51] failed call to cuInit: INTERNAL: CUDA error: Failed call to cuInit: UNKNOWN ERROR (303)
2026-04-24 08:06:18.721619: E external/local_xla/xla/stream_executor/cuda/cuda_platform.cc:51] failed call to cuInit: INTERNAL: CUDA error: Failed call to cuInit: UNKNOWN ERROR (303)
2026-04-24 08:06:18.722346: E external/local_xla/xla/stream_executor/cuda/cuda_platform.cc:51] failed call to cuInit: INTERNAL: CUDA error: Failed call to cuInit: UNKNOWN ERROR (303)
2026-04-24 08:06:18.731634: E external/local_xla/xla/stream_executor/cuda/cuda_platform.cc:51] failed call to cuInit: INTERNAL: CUDA error: Failed call to cuInit: UNKNOWN ERROR (303)
2026-04-24 08:06:18.785717: E external/local_xla/xla/stream_executor/cuda/cuda_platform.cc:51] failed call to cuInit: INTERNAL: CUDA error: Failed call to cuInit: UNKNOWN ERROR (303)
2026-04-24 08:06:18.788124: E external/local_xla/xla/stream_executor/cuda/cuda_platform.cc:51] failed call to cuInit: INTERNAL: CUDA error: Failed call to cuInit: UNKNOWN ERROR (303)
2026-04-24 08:06:18.798575: E external/local_xla/xla/stream_executor/cuda/cuda_platform.cc:51] failed call to cuInit: INTERNAL: CUDA error: Failed call to cuInit: UNKNOWN ERROR (303)
2026-04-24 08:06:18.803019: E external/local_xla/xla/stream_executor/cuda/cuda_platform.cc:51] failed call to cuInit: INTERNAL: CUDA error: Failed call to cuInit: UNKNOWN ERROR (303)
2026-04-24 08:06:18.814450: E external/local_xla/xla/stream_executor/cuda/cuda_platform.cc:51] failed call to cuInit: INTERNAL: CUDA error: Failed call to cuInit: UNKNOWN ERROR (303)
2026-04-24 08:06:18.818487: E external/local_xla/xla/stream_executor/cuda/cuda_platform.cc:51] failed call to cuInit: INTERNAL: CUDA error: Failed call to cuInit: UNKNOWN ERROR (303)
2026-04-24 08:06:18.837982: E external/local_xla/xla/stream_executor/cuda/cuda_platform.cc:51] failed call to cuInit: INTERNAL: CUDA error: Failed call to cuInit: UNKNOWN ERROR (303)
2026-04-24 08:06:18.857683: E external/local_xla/xla/stream_executor/cuda/cuda_platform.cc:51] failed call to cuInit: INTERNAL: CUDA error: Failed call to cuInit: UNKNOWN ERROR (303)
2026-04-24 08:06:18.940944: E external/local_xla/xla/stream_executor/cuda/cuda_platform.cc:51] failed call to cuInit: INTERNAL: CUDA error: Failed call to cuInit: UNKNOWN ERROR (303)
2026-04-24 08:06:18.975829: E external/local_xla/xla/stream_executor/cuda/cuda_platform.cc:51] failed call to cuInit: INTERNAL: CUDA error: Failed call to cuInit: UNKNOWN ERROR (303)
2026-04-24 08:06:57,264 | INFO | generate | Completed worker chunk: {'split': 'train', 'kept': 250, 'attempted': 250, 'shards': 1, 'prefix': 'w000'}
2026-04-24 08:06:58,262 | INFO | generate | Completed worker chunk: {'split': 'train', 'kept': 250, 'attempted': 250, 'shards': 1, 'prefix': 'w001'}
2026-04-24 08:06:59,601 | INFO | generate | Completed worker chunk: {'split': 'train', 'kept': 250, 'attempted': 250, 'shards': 1, 'prefix': 'w002'}
2026-04-24 08:06:59,785 | INFO | generate | Completed worker chunk: {'split': 'train', 'kept': 250, 'attempted': 250, 'shards': 1, 'prefix': 'w006'}
2026-04-24 08:07:00,206 | INFO | generate | Completed worker chunk: {'split': 'train', 'kept': 250, 'attempted': 250, 'shards': 1, 'prefix': 'w024'}
2026-04-24 08:07:00,420 | INFO | generate | Completed worker chunk: {'split': 'train', 'kept': 250, 'attempted': 250, 'shards': 1, 'prefix': 'w029'}
2026-04-24 08:07:00,421 | INFO | generate | Completed worker chunk: {'split': 'train', 'kept': 250, 'attempted': 250, 'shards': 1, 'prefix': 'w005'}
2026-04-24 08:07:00,661 | INFO | generate | Completed worker chunk: {'split': 'train', 'kept': 250, 'attempted': 250, 'shards': 1, 'prefix': 'w021'}
2026-04-24 08:07:00,671 | INFO | generate | Completed worker chunk: {'split': 'train', 'kept': 250, 'attempted': 250, 'shards': 1, 'prefix': 'w025'}
2026-04-24 08:07:00,778 | INFO | generate | Completed worker chunk: {'split': 'train', 'kept': 250, 'attempted': 250, 'shards': 1, 'prefix': 'w012'}
2026-04-24 08:07:00,842 | INFO | generate | Completed worker chunk: {'split': 'train', 'kept': 250, 'attempted': 250, 'shards': 1, 'prefix': 'w023'}
2026-04-24 08:07:00,866 | INFO | generate | Completed worker chunk: {'split': 'train', 'kept': 250, 'attempted': 250, 'shards': 1, 'prefix': 'w030'}
2026-04-24 08:07:00,868 | INFO | generate | Completed worker chunk: {'split': 'train', 'kept': 250, 'attempted': 250, 'shards': 1, 'prefix': 'w015'}
2026-04-24 08:07:01,000 | INFO | generate | Completed worker chunk: {'split': 'train', 'kept': 250, 'attempted': 250, 'shards': 1, 'prefix': 'w031'}
2026-04-24 08:07:01,366 | INFO | generate | Completed worker chunk: {'split': 'train', 'kept': 250, 'attempted': 250, 'shards': 1, 'prefix': 'w013'}
2026-04-24 08:07:01,450 | INFO | generate | Completed worker chunk: {'split': 'train', 'kept': 250, 'attempted': 250, 'shards': 1, 'prefix': 'w022'}
2026-04-24 08:07:01,561 | INFO | generate | Completed worker chunk: {'split': 'train', 'kept': 250, 'attempted': 250, 'shards': 1, 'prefix': 'w003'}
2026-04-24 08:07:01,653 | INFO | generate | Completed worker chunk: {'split': 'train', 'kept': 250, 'attempted': 250, 'shards': 1, 'prefix': 'w020'}
2026-04-24 08:07:01,767 | INFO | generate | Completed worker chunk: {'split': 'train', 'kept': 250, 'attempted': 250, 'shards': 1, 'prefix': 'w011'}
2026-04-24 08:07:01,924 | INFO | generate | Completed worker chunk: {'split': 'train', 'kept': 250, 'attempted': 250, 'shards': 1, 'prefix': 'w010'}
2026-04-24 08:07:03,124 | INFO | generate | Completed worker chunk: {'split': 'train', 'kept': 250, 'attempted': 250, 'shards': 1, 'prefix': 'w019'}
2026-04-24 08:07:04,123 | INFO | generate | Completed worker chunk: {'split': 'train', 'kept': 250, 'attempted': 250, 'shards': 1, 'prefix': 'w009'}
2026-04-24 08:07:04,353 | INFO | generate | Completed worker chunk: {'split': 'train', 'kept': 250, 'attempted': 250, 'shards': 1, 'prefix': 'w026'}
2026-04-24 08:07:05,000 | INFO | generate | Completed worker chunk: {'split': 'train', 'kept': 250, 'attempted': 250, 'shards': 1, 'prefix': 'w016'}
2026-04-24 08:07:10,029 | INFO | generate | Completed worker chunk: {'split': 'train', 'kept': 250, 'attempted': 250, 'shards': 1, 'prefix': 'w007'}
2026-04-24 08:07:13,162 | INFO | generate | Completed worker chunk: {'split': 'train', 'kept': 250, 'attempted': 250, 'shards': 1, 'prefix': 'w017'}
2026-04-24 08:07:13,316 | INFO | generate | Completed worker chunk: {'split': 'train', 'kept': 250, 'attempted': 250, 'shards': 1, 'prefix': 'w018'}
2026-04-24 08:07:14,449 | INFO | generate | Completed worker chunk: {'split': 'train', 'kept': 250, 'attempted': 250, 'shards': 1, 'prefix': 'w004'}
2026-04-24 08:07:17,665 | INFO | generate | Completed worker chunk: {'split': 'train', 'kept': 250, 'attempted': 250, 'shards': 1, 'prefix': 'w008'}
2026-04-24 08:07:21,501 | INFO | generate | Completed worker chunk: {'split': 'train', 'kept': 250, 'attempted': 250, 'shards': 1, 'prefix': 'w028'}
2026-04-24 08:07:22,147 | INFO | generate | Completed worker chunk: {'split': 'train', 'kept': 250, 'attempted': 250, 'shards': 1, 'prefix': 'w014'}
2026-04-24 08:07:24,880 | INFO | generate | Completed worker chunk: {'split': 'train', 'kept': 250, 'attempted': 250, 'shards': 1, 'prefix': 'w027'}
2026-04-24 08:07:31,317 | INFO | generate | Completed worker chunk: {'split': 'train', 'kept': 250, 'attempted': 250, 'shards': 1, 'prefix': 'w032'}
2026-04-24 08:07:32,803 | INFO | generate | Completed worker chunk: {'split': 'train', 'kept': 250, 'attempted': 250, 'shards': 1, 'prefix': 'w033'}
2026-04-24 08:07:33,053 | INFO | generate | Completed worker chunk: {'split': 'train', 'kept': 250, 'attempted': 250, 'shards': 1, 'prefix': 'w037'}
2026-04-24 08:07:34,211 | INFO | generate | Completed worker chunk: {'split': 'train', 'kept': 250, 'attempted': 250, 'shards': 1, 'prefix': 'w034'}
2026-04-24 08:07:34,401 | INFO | generate | Completed worker chunk: {'split': 'train', 'kept': 250, 'attempted': 250, 'shards': 1, 'prefix': 'w035'}
2026-04-24 08:07:34,420 | INFO | generate | Completed worker chunk: {'split': 'train', 'kept': 250, 'attempted': 250, 'shards': 1, 'prefix': 'w043'}
2026-04-24 08:07:34,628 | INFO | generate | Completed worker chunk: {'split': 'train', 'kept': 250, 'attempted': 250, 'shards': 1, 'prefix': 'w044'}
2026-04-24 08:07:34,778 | INFO | generate | Completed worker chunk: {'split': 'train', 'kept': 250, 'attempted': 250, 'shards': 1, 'prefix': 'w039'}
2026-04-24 08:07:34,801 | INFO | generate | Completed worker chunk: {'split': 'train', 'kept': 250, 'attempted': 250, 'shards': 1, 'prefix': 'w045'}
2026-04-24 08:07:35,240 | INFO | generate | Completed worker chunk: {'split': 'train', 'kept': 250, 'attempted': 250, 'shards': 1, 'prefix': 'w041'}
2026-04-24 08:07:35,269 | INFO | generate | Completed worker chunk: {'split': 'train', 'kept': 250, 'attempted': 250, 'shards': 1, 'prefix': 'w047'}
2026-04-24 08:07:35,305 | INFO | generate | Completed worker chunk: {'split': 'train', 'kept': 250, 'attempted': 250, 'shards': 1, 'prefix': 'w038'}
2026-04-24 08:07:35,355 | INFO | generate | Completed worker chunk: {'split': 'train', 'kept': 250, 'attempted': 250, 'shards': 1, 'prefix': 'w040'}
2026-04-24 08:07:35,434 | INFO | generate | Completed worker chunk: {'split': 'train', 'kept': 250, 'attempted': 250, 'shards': 1, 'prefix': 'w050'}
2026-04-24 08:07:35,674 | INFO | generate | Completed worker chunk: {'split': 'train', 'kept': 250, 'attempted': 250, 'shards': 1, 'prefix': 'w036'}
2026-04-24 08:07:35,799 | INFO | generate | Completed worker chunk: {'split': 'train', 'kept': 250, 'attempted': 250, 'shards': 1, 'prefix': 'w042'}
2026-04-24 08:07:35,810 | INFO | generate | Completed worker chunk: {'split': 'train', 'kept': 250, 'attempted': 250, 'shards': 1, 'prefix': 'w046'}
2026-04-24 08:07:36,521 | INFO | generate | Completed worker chunk: {'split': 'train', 'kept': 250, 'attempted': 250, 'shards': 1, 'prefix': 'w051'}
2026-04-24 08:07:36,834 | INFO | generate | Completed worker chunk: {'split': 'train', 'kept': 250, 'attempted': 250, 'shards': 1, 'prefix': 'w049'}
2026-04-24 08:07:38,807 | INFO | generate | Completed worker chunk: {'split': 'train', 'kept': 250, 'attempted': 250, 'shards': 1, 'prefix': 'w048'}
2026-04-24 08:07:40,701 | INFO | generate | Completed worker chunk: {'split': 'train', 'kept': 250, 'attempted': 250, 'shards': 1, 'prefix': 'w052'}
2026-04-24 08:07:43,277 | INFO | generate | Completed worker chunk: {'split': 'train', 'kept': 250, 'attempted': 250, 'shards': 1, 'prefix': 'w053'}
2026-04-24 08:07:47,914 | INFO | generate | Completed worker chunk: {'split': 'train', 'kept': 250, 'attempted': 250, 'shards': 1, 'prefix': 'w055'}
2026-04-24 08:07:50,122 | INFO | generate | Completed worker chunk: {'split': 'train', 'kept': 250, 'attempted': 250, 'shards': 1, 'prefix': 'w058'}
2026-04-24 08:07:56,425 | INFO | generate | Completed worker chunk: {'split': 'train', 'kept': 250, 'attempted': 250, 'shards': 1, 'prefix': 'w054'}
2026-04-24 08:07:56,678 | INFO | generate | Completed worker chunk: {'split': 'train', 'kept': 250, 'attempted': 250, 'shards': 1, 'prefix': 'w057'}
2026-04-24 08:07:58,180 | INFO | generate | Completed worker chunk: {'split': 'train', 'kept': 250, 'attempted': 250, 'shards': 1, 'prefix': 'w056'}
2026-04-24 08:08:02,215 | INFO | generate | Completed worker chunk: {'split': 'train', 'kept': 250, 'attempted': 250, 'shards': 1, 'prefix': 'w060'}
2026-04-24 08:08:02,685 | INFO | generate | Completed worker chunk: {'split': 'train', 'kept': 250, 'attempted': 250, 'shards': 1, 'prefix': 'w059'}
2026-04-24 08:08:04,833 | INFO | generate | Completed worker chunk: {'split': 'train', 'kept': 250, 'attempted': 250, 'shards': 1, 'prefix': 'w061'}
2026-04-24 08:08:05,554 | INFO | generate | Completed worker chunk: {'split': 'train', 'kept': 250, 'attempted': 250, 'shards': 1, 'prefix': 'w064'}
2026-04-24 08:08:05,615 | INFO | generate | Completed worker chunk: {'split': 'train', 'kept': 250, 'attempted': 250, 'shards': 1, 'prefix': 'w065'}
2026-04-24 08:08:06,818 | INFO | generate | Completed worker chunk: {'split': 'train', 'kept': 250, 'attempted': 250, 'shards': 1, 'prefix': 'w070'}
2026-04-24 08:08:07,221 | INFO | generate | Completed worker chunk: {'split': 'train', 'kept': 250, 'attempted': 250, 'shards': 1, 'prefix': 'w066'}
2026-04-24 08:08:07,715 | INFO | generate | Completed worker chunk: {'split': 'train', 'kept': 250, 'attempted': 250, 'shards': 1, 'prefix': 'w067'}
2026-04-24 08:08:08,089 | INFO | generate | Completed worker chunk: {'split': 'train', 'kept': 250, 'attempted': 250, 'shards': 1, 'prefix': 'w073'}
2026-04-24 08:08:08,209 | INFO | generate | Completed worker chunk: {'split': 'train', 'kept': 250, 'attempted': 250, 'shards': 1, 'prefix': 'w075'}
2026-04-24 08:08:08,372 | INFO | generate | Completed worker chunk: {'split': 'train', 'kept': 250, 'attempted': 250, 'shards': 1, 'prefix': 'w069'}
2026-04-24 08:08:08,426 | INFO | generate | Completed worker chunk: {'split': 'train', 'kept': 250, 'attempted': 250, 'shards': 1, 'prefix': 'w074'}
2026-04-24 08:08:08,581 | INFO | generate | Completed worker chunk: {'split': 'train', 'kept': 250, 'attempted': 250, 'shards': 1, 'prefix': 'w080'}
2026-04-24 08:08:08,795 | INFO | generate | Completed worker chunk: {'split': 'train', 'kept': 250, 'attempted': 250, 'shards': 1, 'prefix': 'w076'}
2026-04-24 08:08:08,801 | INFO | generate | Completed worker chunk: {'split': 'train', 'kept': 250, 'attempted': 250, 'shards': 1, 'prefix': 'w071'}
2026-04-24 08:08:08,981 | INFO | generate | Completed worker chunk: {'split': 'train', 'kept': 250, 'attempted': 250, 'shards': 1, 'prefix': 'w078'}
2026-04-24 08:08:09,007 | INFO | generate | Completed worker chunk: {'split': 'train', 'kept': 250, 'attempted': 250, 'shards': 1, 'prefix': 'w063'}
2026-04-24 08:08:09,378 | INFO | generate | Completed worker chunk: {'split': 'train', 'kept': 250, 'attempted': 250, 'shards': 1, 'prefix': 'w079'}
2026-04-24 08:08:09,570 | INFO | generate | Completed worker chunk: {'split': 'train', 'kept': 250, 'attempted': 250, 'shards': 1, 'prefix': 'w072'}
2026-04-24 08:08:10,299 | INFO | generate | Completed worker chunk: {'split': 'train', 'kept': 250, 'attempted': 250, 'shards': 1, 'prefix': 'w081'}
2026-04-24 08:08:10,359 | INFO | generate | Completed worker chunk: {'split': 'train', 'kept': 250, 'attempted': 250, 'shards': 1, 'prefix': 'w068'}
2026-04-24 08:08:10,528 | INFO | generate | Completed worker chunk: {'split': 'train', 'kept': 250, 'attempted': 250, 'shards': 1, 'prefix': 'w077'}
2026-04-24 08:08:10,704 | INFO | generate | Completed worker chunk: {'split': 'train', 'kept': 250, 'attempted': 250, 'shards': 1, 'prefix': 'w082'}
2026-04-24 08:08:16,146 | INFO | generate | Completed worker chunk: {'split': 'train', 'kept': 250, 'attempted': 250, 'shards': 1, 'prefix': 'w083'}
2026-04-24 08:08:18,019 | INFO | generate | Completed worker chunk: {'split': 'train', 'kept': 250, 'attempted': 250, 'shards': 1, 'prefix': 'w062'}
2026-04-24 08:08:18,330 | INFO | generate | Completed worker chunk: {'split': 'train', 'kept': 250, 'attempted': 250, 'shards': 1, 'prefix': 'w084'}
2026-04-24 08:08:20,004 | INFO | generate | Completed worker chunk: {'split': 'train', 'kept': 250, 'attempted': 250, 'shards': 1, 'prefix': 'w085'}
2026-04-24 08:08:25,596 | INFO | generate | Completed worker chunk: {'split': 'train', 'kept': 250, 'attempted': 250, 'shards': 1, 'prefix': 'w086'}
2026-04-24 08:08:31,602 | INFO | generate | Completed worker chunk: {'split': 'train', 'kept': 250, 'attempted': 250, 'shards': 1, 'prefix': 'w090'}
2026-04-24 08:08:33,071 | INFO | generate | Completed worker chunk: {'split': 'train', 'kept': 250, 'attempted': 250, 'shards': 1, 'prefix': 'w089'}
2026-04-24 08:08:33,838 | INFO | generate | Completed worker chunk: {'split': 'train', 'kept': 250, 'attempted': 250, 'shards': 1, 'prefix': 'w088'}
2026-04-24 08:08:35,618 | INFO | generate | Completed worker chunk: {'split': 'train', 'kept': 250, 'attempted': 250, 'shards': 1, 'prefix': 'w091'}
2026-04-24 08:08:36,808 | INFO | generate | Completed worker chunk: {'split': 'train', 'kept': 250, 'attempted': 250, 'shards': 1, 'prefix': 'w087'}
2026-04-24 08:08:37,987 | INFO | generate | Completed worker chunk: {'split': 'train', 'kept': 250, 'attempted': 250, 'shards': 1, 'prefix': 'w095'}
2026-04-24 08:08:39,160 | INFO | generate | Completed worker chunk: {'split': 'train', 'kept': 250, 'attempted': 250, 'shards': 1, 'prefix': 'w094'}
2026-04-24 08:08:40,204 | INFO | generate | Completed worker chunk: {'split': 'train', 'kept': 250, 'attempted': 250, 'shards': 1, 'prefix': 'w102'}
2026-04-24 08:08:40,223 | INFO | generate | Completed worker chunk: {'split': 'train', 'kept': 250, 'attempted': 250, 'shards': 1, 'prefix': 'w096'}
2026-04-24 08:08:40,734 | INFO | generate | Completed worker chunk: {'split': 'train', 'kept': 250, 'attempted': 250, 'shards': 1, 'prefix': 'w092'}
2026-04-24 08:08:41,009 | INFO | generate | Completed worker chunk: {'split': 'train', 'kept': 250, 'attempted': 250, 'shards': 1, 'prefix': 'w101'}
2026-04-24 08:08:41,155 | INFO | generate | Completed worker chunk: {'split': 'train', 'kept': 250, 'attempted': 250, 'shards': 1, 'prefix': 'w097'}
2026-04-24 08:08:41,310 | INFO | generate | Completed worker chunk: {'split': 'train', 'kept': 250, 'attempted': 250, 'shards': 1, 'prefix': 'w098'}
2026-04-24 08:08:41,428 | INFO | generate | Completed worker chunk: {'split': 'train', 'kept': 250, 'attempted': 250, 'shards': 1, 'prefix': 'w099'}
2026-04-24 08:08:41,640 | INFO | generate | Completed worker chunk: {'split': 'train', 'kept': 250, 'attempted': 250, 'shards': 1, 'prefix': 'w103'}
2026-04-24 08:08:41,744 | INFO | generate | Completed worker chunk: {'split': 'train', 'kept': 250, 'attempted': 250, 'shards': 1, 'prefix': 'w105'}
2026-04-24 08:08:42,378 | INFO | generate | Completed worker chunk: {'split': 'train', 'kept': 250, 'attempted': 250, 'shards': 1, 'prefix': 'w106'}
2026-04-24 08:08:42,797 | INFO | generate | Completed worker chunk: {'split': 'train', 'kept': 250, 'attempted': 250, 'shards': 1, 'prefix': 'w093'}
2026-04-24 08:08:43,222 | INFO | generate | Completed worker chunk: {'split': 'train', 'kept': 250, 'attempted': 250, 'shards': 1, 'prefix': 'w100'}
2026-04-24 08:08:43,233 | INFO | generate | Completed worker chunk: {'split': 'train', 'kept': 250, 'attempted': 250, 'shards': 1, 'prefix': 'w108'}
2026-04-24 08:08:43,249 | INFO | generate | Completed worker chunk: {'split': 'train', 'kept': 250, 'attempted': 250, 'shards': 1, 'prefix': 'w104'}
2026-04-24 08:08:43,442 | INFO | generate | Completed worker chunk: {'split': 'train', 'kept': 250, 'attempted': 250, 'shards': 1, 'prefix': 'w107'}
2026-04-24 08:08:43,914 | INFO | generate | Completed worker chunk: {'split': 'train', 'kept': 250, 'attempted': 250, 'shards': 1, 'prefix': 'w112'}
2026-04-24 08:08:44,006 | INFO | generate | Completed worker chunk: {'split': 'train', 'kept': 250, 'attempted': 250, 'shards': 1, 'prefix': 'w110'}
2026-04-24 08:08:44,040 | INFO | generate | Completed worker chunk: {'split': 'train', 'kept': 250, 'attempted': 250, 'shards': 1, 'prefix': 'w113'}
2026-04-24 08:08:44,159 | INFO | generate | Completed worker chunk: {'split': 'train', 'kept': 250, 'attempted': 250, 'shards': 1, 'prefix': 'w109'}
2026-04-24 08:08:45,081 | INFO | generate | Completed worker chunk: {'split': 'train', 'kept': 250, 'attempted': 250, 'shards': 1, 'prefix': 'w111'}
2026-04-24 08:08:54,885 | INFO | generate | Completed worker chunk: {'split': 'train', 'kept': 250, 'attempted': 250, 'shards': 1, 'prefix': 'w114'}
2026-04-24 08:08:55,321 | INFO | generate | Completed worker chunk: {'split': 'train', 'kept': 250, 'attempted': 250, 'shards': 1, 'prefix': 'w116'}
2026-04-24 08:08:57,541 | INFO | generate | Completed worker chunk: {'split': 'train', 'kept': 250, 'attempted': 250, 'shards': 1, 'prefix': 'w117'}
2026-04-24 08:09:06,330 | INFO | generate | Completed worker chunk: {'split': 'train', 'kept': 250, 'attempted': 250, 'shards': 1, 'prefix': 'w118'}
2026-04-24 08:09:06,634 | INFO | generate | Completed worker chunk: {'split': 'train', 'kept': 250, 'attempted': 250, 'shards': 1, 'prefix': 'w119'}
2026-04-24 08:09:07,271 | INFO | generate | Completed worker chunk: {'split': 'train', 'kept': 250, 'attempted': 250, 'shards': 1, 'prefix': 'w115'}
2026-04-24 08:09:08,615 | INFO | generate | Completed worker chunk: {'split': 'train', 'kept': 250, 'attempted': 250, 'shards': 1, 'prefix': 'w121'}
2026-04-24 08:09:11,131 | INFO | generate | Completed worker chunk: {'split': 'train', 'kept': 250, 'attempted': 250, 'shards': 1, 'prefix': 'w123'}
2026-04-24 08:09:11,169 | INFO | generate | Completed worker chunk: {'split': 'train', 'kept': 250, 'attempted': 250, 'shards': 1, 'prefix': 'w122'}
2026-04-24 08:09:12,930 | INFO | generate | Completed worker chunk: {'split': 'train', 'kept': 250, 'attempted': 250, 'shards': 1, 'prefix': 'w125'}
2026-04-24 08:09:13,460 | INFO | generate | Completed worker chunk: {'split': 'train', 'kept': 250, 'attempted': 250, 'shards': 1, 'prefix': 'w124'}
2026-04-24 08:09:13,568 | INFO | generate | Completed worker chunk: {'split': 'train', 'kept': 250, 'attempted': 250, 'shards': 1, 'prefix': 'w126'}
2026-04-24 08:09:13,729 | INFO | generate | Completed worker chunk: {'split': 'train', 'kept': 250, 'attempted': 250, 'shards': 1, 'prefix': 'w129'}
2026-04-24 08:09:13,838 | INFO | generate | Completed worker chunk: {'split': 'train', 'kept': 250, 'attempted': 250, 'shards': 1, 'prefix': 'w134'}
2026-04-24 08:09:14,100 | INFO | generate | Completed worker chunk: {'split': 'train', 'kept': 250, 'attempted': 250, 'shards': 1, 'prefix': 'w120'}
2026-04-24 08:09:14,901 | INFO | generate | Completed worker chunk: {'split': 'train', 'kept': 250, 'attempted': 250, 'shards': 1, 'prefix': 'w127'}
2026-04-24 08:09:15,335 | INFO | generate | Completed worker chunk: {'split': 'train', 'kept': 250, 'attempted': 250, 'shards': 1, 'prefix': 'w132'}
2026-04-24 08:09:15,688 | INFO | generate | Completed worker chunk: {'split': 'train', 'kept': 250, 'attempted': 250, 'shards': 1, 'prefix': 'w131'}
2026-04-24 08:09:16,317 | INFO | generate | Completed worker chunk: {'split': 'train', 'kept': 250, 'attempted': 250, 'shards': 1, 'prefix': 'w135'}
2026-04-24 08:09:16,319 | INFO | generate | Completed worker chunk: {'split': 'train', 'kept': 250, 'attempted': 250, 'shards': 1, 'prefix': 'w133'}
2026-04-24 08:09:16,458 | INFO | generate | Completed worker chunk: {'split': 'train', 'kept': 250, 'attempted': 250, 'shards': 1, 'prefix': 'w138'}
2026-04-24 08:09:16,875 | INFO | generate | Completed worker chunk: {'split': 'train', 'kept': 250, 'attempted': 250, 'shards': 1, 'prefix': 'w139'}
2026-04-24 08:09:17,056 | INFO | generate | Completed worker chunk: {'split': 'train', 'kept': 250, 'attempted': 250, 'shards': 1, 'prefix': 'w137'}
2026-04-24 08:09:17,104 | INFO | generate | Completed worker chunk: {'split': 'train', 'kept': 250, 'attempted': 250, 'shards': 1, 'prefix': 'w130'}
2026-04-24 08:09:17,568 | INFO | generate | Completed worker chunk: {'split': 'val', 'kept': 250, 'attempted': 250, 'shards': 1, 'prefix': 'w144'}
2026-04-24 08:09:17,674 | INFO | generate | Completed worker chunk: {'split': 'train', 'kept': 250, 'attempted': 250, 'shards': 1, 'prefix': 'w128'}
2026-04-24 08:09:17,984 | INFO | generate | Completed worker chunk: {'split': 'train', 'kept': 250, 'attempted': 250, 'shards': 1, 'prefix': 'w142'}
2026-04-24 08:09:18,016 | INFO | generate | Completed worker chunk: {'split': 'train', 'kept': 250, 'attempted': 250, 'shards': 1, 'prefix': 'w141'}
2026-04-24 08:09:18,712 | INFO | generate | Completed worker chunk: {'split': 'train', 'kept': 250, 'attempted': 250, 'shards': 1, 'prefix': 'w143'}
2026-04-24 08:09:20,419 | INFO | generate | Completed worker chunk: {'split': 'val', 'kept': 250, 'attempted': 250, 'shards': 1, 'prefix': 'w145'}
2026-04-24 08:09:20,751 | INFO | generate | Completed worker chunk: {'split': 'train', 'kept': 250, 'attempted': 250, 'shards': 1, 'prefix': 'w140'}
2026-04-24 08:09:23,348 | INFO | generate | Completed worker chunk: {'split': 'train', 'kept': 250, 'attempted': 250, 'shards': 1, 'prefix': 'w136'}
2026-04-24 08:09:31,589 | INFO | generate | Completed worker chunk: {'split': 'val', 'kept': 250, 'attempted': 250, 'shards': 1, 'prefix': 'w146'}
2026-04-24 08:09:32,121 | INFO | generate | Completed worker chunk: {'split': 'val', 'kept': 250, 'attempted': 250, 'shards': 1, 'prefix': 'w147'}
2026-04-24 08:09:35,410 | INFO | generate | Completed worker chunk: {'split': 'val', 'kept': 250, 'attempted': 250, 'shards': 1, 'prefix': 'w148'}
2026-04-24 08:09:40,969 | INFO | generate | Completed worker chunk: {'split': 'val', 'kept': 250, 'attempted': 250, 'shards': 1, 'prefix': 'w149'}
2026-04-24 08:09:41,701 | INFO | generate | Completed worker chunk: {'split': 'val', 'kept': 250, 'attempted': 250, 'shards': 1, 'prefix': 'w150'}
2026-04-24 08:09:43,623 | INFO | generate | Completed worker chunk: {'split': 'val', 'kept': 250, 'attempted': 250, 'shards': 1, 'prefix': 'w154'}
2026-04-24 08:09:44,392 | INFO | generate | Completed worker chunk: {'split': 'val', 'kept': 250, 'attempted': 250, 'shards': 1, 'prefix': 'w151'}
2026-04-24 08:09:44,564 | INFO | generate | Completed worker chunk: {'split': 'val', 'kept': 250, 'attempted': 250, 'shards': 1, 'prefix': 'w153'}
2026-04-24 08:09:44,818 | INFO | generate | Completed worker chunk: {'split': 'val', 'kept': 250, 'attempted': 250, 'shards': 1, 'prefix': 'w152'}
2026-04-24 08:09:44,943 | INFO | generate | Completed worker chunk: {'split': 'val', 'kept': 200, 'attempted': 200, 'shards': 1, 'prefix': 'w172'}
2026-04-24 08:09:46,111 | INFO | generate | Completed worker chunk: {'split': 'val', 'kept': 250, 'attempted': 250, 'shards': 1, 'prefix': 'w155'}
2026-04-24 08:09:46,588 | INFO | generate | Completed worker chunk: {'split': 'val', 'kept': 250, 'attempted': 250, 'shards': 1, 'prefix': 'w156'}
2026-04-24 08:09:47,003 | INFO | generate | Completed worker chunk: {'split': 'val', 'kept': 250, 'attempted': 250, 'shards': 1, 'prefix': 'w157'}
2026-04-24 08:09:47,135 | INFO | generate | Completed worker chunk: {'split': 'val', 'kept': 250, 'attempted': 250, 'shards': 1, 'prefix': 'w158'}
2026-04-24 08:09:47,315 | INFO | generate | Completed worker chunk: {'split': 'val', 'kept': 250, 'attempted': 250, 'shards': 1, 'prefix': 'w161'}
2026-04-24 08:09:47,568 | INFO | generate | Completed worker chunk: {'split': 'val', 'kept': 250, 'attempted': 250, 'shards': 1, 'prefix': 'w163'}
2026-04-24 08:09:47,793 | INFO | generate | Completed worker chunk: {'split': 'val', 'kept': 250, 'attempted': 250, 'shards': 1, 'prefix': 'w159'}
2026-04-24 08:09:47,829 | INFO | generate | Completed worker chunk: {'split': 'val', 'kept': 250, 'attempted': 250, 'shards': 1, 'prefix': 'w160'}
2026-04-24 08:09:48,590 | INFO | generate | Completed worker chunk: {'split': 'val', 'kept': 250, 'attempted': 250, 'shards': 1, 'prefix': 'w164'}
2026-04-24 08:09:48,865 | INFO | generate | Completed worker chunk: {'split': 'val', 'kept': 250, 'attempted': 250, 'shards': 1, 'prefix': 'w169'}
2026-04-24 08:09:49,326 | INFO | generate | Completed worker chunk: {'split': 'val', 'kept': 250, 'attempted': 250, 'shards': 1, 'prefix': 'w162'}
2026-04-24 08:09:49,329 | INFO | generate | Completed worker chunk: {'split': 'val', 'kept': 250, 'attempted': 250, 'shards': 1, 'prefix': 'w166'}
2026-04-24 08:09:49,444 | INFO | generate | Completed worker chunk: {'split': 'val', 'kept': 250, 'attempted': 250, 'shards': 1, 'prefix': 'w167'}
2026-04-24 08:09:49,960 | INFO | generate | Completed worker chunk: {'split': 'val', 'kept': 250, 'attempted': 250, 'shards': 1, 'prefix': 'w165'}
2026-04-24 08:09:50,104 | INFO | generate | Completed worker chunk: {'split': 'val', 'kept': 250, 'attempted': 250, 'shards': 1, 'prefix': 'w168'}
2026-04-24 08:09:50,745 | INFO | generate | Completed worker chunk: {'split': 'val', 'kept': 250, 'attempted': 250, 'shards': 1, 'prefix': 'w170'}
2026-04-24 08:09:53,304 | INFO | generate | Completed worker chunk: {'split': 'val', 'kept': 250, 'attempted': 250, 'shards': 1, 'prefix': 'w171'}
2026-04-24 08:09:54,525 | INFO | generate | Parallel generation complete: attempted=43200 kept={'train': 36000, 'val': 7200}
