2026-04-25 09:48:46.320305: E external/local_xla/xla/stream_executor/cuda/cuda_fft.cc:467] Unable to register cuFFT factory: Attempting to register factory for plugin cuFFT when one has already been registered
WARNING: All log messages before absl::InitializeLog() is called are written to STDERR
E0000 00:00:1777135727.371814 3808600 cuda_dnn.cc:8579] Unable to register cuDNN factory: Attempting to register factory for plugin cuDNN when one has already been registered
E0000 00:00:1777135728.234285 3808600 cuda_blas.cc:1407] Unable to register cuBLAS factory: Attempting to register factory for plugin cuBLAS when one has already been registered
W0000 00:00:1777135731.270018 3808600 computation_placer.cc:177] computation placer already registered. Please check linkage and avoid linking the same target more than once.
W0000 00:00:1777135731.270113 3808600 computation_placer.cc:177] computation placer already registered. Please check linkage and avoid linking the same target more than once.
W0000 00:00:1777135731.270124 3808600 computation_placer.cc:177] computation placer already registered. Please check linkage and avoid linking the same target more than once.
W0000 00:00:1777135731.270135 3808600 computation_placer.cc:177] computation placer already registered. Please check linkage and avoid linking the same target more than once.
I0000 00:00:1777135752.197548 3808600 gpu_process_state.cc:208] Using CUDA malloc Async allocator for GPU: 0
I0000 00:00:1777135752.227581 3808600 gpu_device.cc:2019] Created device /job:localhost/replica:0/task:0/device:GPU:0 with 78751 MB memory:  -> device: 0, name: NVIDIA H100 80GB HBM3, pci bus id: 0000:0c:00.0, compute capability: 9.0
========================================================================================
TensorFlow GPU check
========================================================================================
sys.executable: /home/rsadve1/scratch/Neuro_Symbolic_GRAND/.venv/bin/python
CUDA_VISIBLE_DEVICES: 0
SLURM_JOB_ID: 37295262
SLURM_GPUS: None
SLURM_JOB_GPUS: 1
SLURM_STEP_GPUS: None
tensorflow: 2.19.1
build_info: {
  "cpu_compiler": "/usr/lib/llvm-18/bin/clang",
  "cuda_compute_capabilities": [
    "sm_60",
    "sm_70",
    "sm_80",
    "sm_89",
    "compute_90"
  ],
  "cuda_version": "12.5.1",
  "cudnn_version": "9",
  "is_cuda_build": true,
  "is_rocm_build": false,
  "is_tensorrt_build": false
}
built_with_cuda: True
physical_gpus: [PhysicalDevice(name='/physical_device:GPU:0', device_type='GPU')]
gpu_details: {'compute_capability': (9, 0), 'device_name': 'NVIDIA H100 80GB HBM3'}
gpu_matmul_shape: (2048, 2048) mean: 0.006447909865528345
Config: configs/fir_hybrid_bp_nsg_smoke.yaml
  output_dir: outputs/hybrid_bp_nsg_v13_pusch_cdl_smoke
  code: sionna_nr_pusch_ldpc k=None n=512
  failed_snr_db_grid: [0, 2, 4]
  failed_snr_probs: [0.45454545454545453, 0.3181818181818182, 0.22727272727272727]
  failed_snr_probs_note: as_configured
  probability_sum: 1.000000000000
Config validation OK
2026-04-25 09:49:15.859177: E external/local_xla/xla/stream_executor/cuda/cuda_fft.cc:467] Unable to register cuFFT factory: Attempting to register factory for plugin cuFFT when one has already been registered
WARNING: All log messages before absl::InitializeLog() is called are written to STDERR
E0000 00:00:1777135755.872318 3808652 cuda_dnn.cc:8579] Unable to register cuDNN factory: Attempting to register factory for plugin cuDNN when one has already been registered
E0000 00:00:1777135755.876339 3808652 cuda_blas.cc:1407] Unable to register cuBLAS factory: Attempting to register factory for plugin cuBLAS when one has already been registered
W0000 00:00:1777135755.888826 3808652 computation_placer.cc:177] computation placer already registered. Please check linkage and avoid linking the same target more than once.
W0000 00:00:1777135755.888877 3808652 computation_placer.cc:177] computation placer already registered. Please check linkage and avoid linking the same target more than once.
W0000 00:00:1777135755.888888 3808652 computation_placer.cc:177] computation placer already registered. Please check linkage and avoid linking the same target more than once.
W0000 00:00:1777135755.888919 3808652 computation_placer.cc:177] computation placer already registered. Please check linkage and avoid linking the same target more than once.
2026-04-25 09:49:23.386699: W tensorflow/core/common_runtime/gpu/gpu_bfc_allocator.cc:47] Overriding orig_value setting because the TF_FORCE_GPU_ALLOW_GROWTH environment variable is set. Original config value was 0.
I0000 00:00:1777135763.386797 3808652 gpu_process_state.cc:208] Using CUDA malloc Async allocator for GPU: 0
I0000 00:00:1777135763.387879 3808652 gpu_device.cc:2019] Created device /job:localhost/replica:0/task:0/device:GPU:0 with 78751 MB memory:  -> device: 0, name: NVIDIA H100 80GB HBM3, pci bus id: 0000:0c:00.0, compute capability: 9.0
code_family: sionna_nr_pusch_ldpc
transport_k: 256
ldpc_k: 272
n_internal: 584
n_transmitted: 512
profiles: ['AWGN', 'CDL_C']
profile=AWGN tx_len=512 llr_tx_len=512 llr_internal_len=584 channel_type=AWGN modulation=QPSK perfect_csi=True equalizer=identity finite_llr=True
profile=CDL_C tx_len=512 llr_tx_len=512 llr_internal_len=584 channel_type=SIONNA_CDL_C modulation=QPSK perfect_csi=True equalizer=one_tap_perfect_csi finite_llr=True
2026-04-25 09:50:22.686720: E external/local_xla/xla/stream_executor/cuda/cuda_fft.cc:467] Unable to register cuFFT factory: Attempting to register factory for plugin cuFFT when one has already been registered
WARNING: All log messages before absl::InitializeLog() is called are written to STDERR
E0000 00:00:1777135822.700258 3808974 cuda_dnn.cc:8579] Unable to register cuDNN factory: Attempting to register factory for plugin cuDNN when one has already been registered
E0000 00:00:1777135822.704343 3808974 cuda_blas.cc:1407] Unable to register cuBLAS factory: Attempting to register factory for plugin cuBLAS when one has already been registered
W0000 00:00:1777135822.716995 3808974 computation_placer.cc:177] computation placer already registered. Please check linkage and avoid linking the same target more than once.
W0000 00:00:1777135822.717047 3808974 computation_placer.cc:177] computation placer already registered. Please check linkage and avoid linking the same target more than once.
W0000 00:00:1777135822.717058 3808974 computation_placer.cc:177] computation placer already registered. Please check linkage and avoid linking the same target more than once.
W0000 00:00:1777135822.717069 3808974 computation_placer.cc:177] computation placer already registered. Please check linkage and avoid linking the same target more than once.
2026-04-25 09:50:28.032791: W tensorflow/core/common_runtime/gpu/gpu_bfc_allocator.cc:47] Overriding orig_value setting because the TF_FORCE_GPU_ALLOW_GROWTH environment variable is set. Original config value was 0.
I0000 00:00:1777135828.032876 3808974 gpu_process_state.cc:208] Using CUDA malloc Async allocator for GPU: 0
I0000 00:00:1777135828.033965 3808974 gpu_device.cc:2019] Created device /job:localhost/replica:0/task:0/device:GPU:0 with 78751 MB memory:  -> device: 0, name: NVIDIA H100 80GB HBM3, pci bus id: 0000:0c:00.0, compute capability: 9.0
2026-04-25 09:50:33,463 | INFO | generate | Code summary: {"family": "sionna_nr_pusch_ldpc", "requested_n": 512, "requested_k": 256, "transport_k": 256, "ldpc_k": 272, "n_internal": 584, "n_transmitted": 512, "k": 272, "m": 312, "rate": 0.5, "edges": 1852, "avg_check_degree": 5.935897350311279, "max_check_degree": 8, "min_check_degree": 4, "avg_variable_degree": 3.1712329387664795, "num_punctured_internal_positions": 72, "num_transmitted_internal_positions": 512, "bg": "bg2", "metadata": {"num_coded_bits": 512, "target_coderate": 0.5, "num_bits_per_symbol": 2, "num_layers": 1, "tb_size": 256, "cb_size": 272, "num_cb": 1, "tb_crc_length": 16, "cb_crc_length": 0, "cw_length": [512], "use_scrambler": false, "interleaver_validated": true, "output_perm_inv_size": 512, "has_outer_crc": true, "pusch_channel_type": "PUSCH"}}
2026-04-25 09:50:33,463 | INFO | generate | Parallel generation with 8 workers
2026-04-25 09:50:34.039609: E external/local_xla/xla/stream_executor/cuda/cuda_fft.cc:467] Unable to register cuFFT factory: Attempting to register factory for plugin cuFFT when one has already been registered
2026-04-25 09:50:34.039609: E external/local_xla/xla/stream_executor/cuda/cuda_fft.cc:467] Unable to register cuFFT factory: Attempting to register factory for plugin cuFFT when one has already been registered
2026-04-25 09:50:34.041562: E external/local_xla/xla/stream_executor/cuda/cuda_fft.cc:467] Unable to register cuFFT factory: Attempting to register factory for plugin cuFFT when one has already been registered
2026-04-25 09:50:34.041569: E external/local_xla/xla/stream_executor/cuda/cuda_fft.cc:467] Unable to register cuFFT factory: Attempting to register factory for plugin cuFFT when one has already been registered
2026-04-25 09:50:34.041566: E external/local_xla/xla/stream_executor/cuda/cuda_fft.cc:467] Unable to register cuFFT factory: Attempting to register factory for plugin cuFFT when one has already been registered
2026-04-25 09:50:34.041580: E external/local_xla/xla/stream_executor/cuda/cuda_fft.cc:467] Unable to register cuFFT factory: Attempting to register factory for plugin cuFFT when one has already been registered
2026-04-25 09:50:34.045615: E external/local_xla/xla/stream_executor/cuda/cuda_fft.cc:467] Unable to register cuFFT factory: Attempting to register factory for plugin cuFFT when one has already been registered
2026-04-25 09:50:34.045614: E external/local_xla/xla/stream_executor/cuda/cuda_fft.cc:467] Unable to register cuFFT factory: Attempting to register factory for plugin cuFFT when one has already been registered
WARNING: All log messages before absl::InitializeLog() is called are written to STDERR
WARNING: All log messages before absl::InitializeLog() is called are written to STDERR
E0000 00:00:1777135834.053623 3809241 cuda_dnn.cc:8579] Unable to register cuDNN factory: Attempting to register factory for plugin cuDNN when one has already been registered
E0000 00:00:1777135834.053633 3809237 cuda_dnn.cc:8579] Unable to register cuDNN factory: Attempting to register factory for plugin cuDNN when one has already been registered
WARNING: All log messages before absl::InitializeLog() is called are written to STDERR
WARNING: All log messages before absl::InitializeLog() is called are written to STDERR
WARNING: All log messages before absl::InitializeLog() is called are written to STDERR
E0000 00:00:1777135834.054902 3809235 cuda_dnn.cc:8579] Unable to register cuDNN factory: Attempting to register factory for plugin cuDNN when one has already been registered
E0000 00:00:1777135834.054911 3809240 cuda_dnn.cc:8579] Unable to register cuDNN factory: Attempting to register factory for plugin cuDNN when one has already been registered
E0000 00:00:1777135834.054905 3809236 cuda_dnn.cc:8579] Unable to register cuDNN factory: Attempting to register factory for plugin cuDNN when one has already been registered
WARNING: All log messages before absl::InitializeLog() is called are written to STDERR
E0000 00:00:1777135834.055159 3809232 cuda_dnn.cc:8579] Unable to register cuDNN factory: Attempting to register factory for plugin cuDNN when one has already been registered
E0000 00:00:1777135834.057747 3809237 cuda_blas.cc:1407] Unable to register cuBLAS factory: Attempting to register factory for plugin cuBLAS when one has already been registered
E0000 00:00:1777135834.057754 3809241 cuda_blas.cc:1407] Unable to register cuBLAS factory: Attempting to register factory for plugin cuBLAS when one has already been registered
E0000 00:00:1777135834.058933 3809236 cuda_blas.cc:1407] Unable to register cuBLAS factory: Attempting to register factory for plugin cuBLAS when one has already been registered
E0000 00:00:1777135834.058939 3809240 cuda_blas.cc:1407] Unable to register cuBLAS factory: Attempting to register factory for plugin cuBLAS when one has already been registered
E0000 00:00:1777135834.058953 3809235 cuda_blas.cc:1407] Unable to register cuBLAS factory: Attempting to register factory for plugin cuBLAS when one has already been registered
E0000 00:00:1777135834.059031 3809232 cuda_blas.cc:1407] Unable to register cuBLAS factory: Attempting to register factory for plugin cuBLAS when one has already been registered
WARNING: All log messages before absl::InitializeLog() is called are written to STDERR
E0000 00:00:1777135834.059604 3809238 cuda_dnn.cc:8579] Unable to register cuDNN factory: Attempting to register factory for plugin cuDNN when one has already been registered
WARNING: All log messages before absl::InitializeLog() is called are written to STDERR
E0000 00:00:1777135834.059953 3809239 cuda_dnn.cc:8579] Unable to register cuDNN factory: Attempting to register factory for plugin cuDNN when one has already been registered
E0000 00:00:1777135834.063851 3809238 cuda_blas.cc:1407] Unable to register cuBLAS factory: Attempting to register factory for plugin cuBLAS when one has already been registered
E0000 00:00:1777135834.064037 3809239 cuda_blas.cc:1407] Unable to register cuBLAS factory: Attempting to register factory for plugin cuBLAS when one has already been registered
W0000 00:00:1777135834.073685 3809241 computation_placer.cc:177] computation placer already registered. Please check linkage and avoid linking the same target more than once.
W0000 00:00:1777135834.073690 3809237 computation_placer.cc:177] computation placer already registered. Please check linkage and avoid linking the same target more than once.
W0000 00:00:1777135834.073725 3809241 computation_placer.cc:177] computation placer already registered. Please check linkage and avoid linking the same target more than once.
W0000 00:00:1777135834.073740 3809237 computation_placer.cc:177] computation placer already registered. Please check linkage and avoid linking the same target more than once.
W0000 00:00:1777135834.073749 3809241 computation_placer.cc:177] computation placer already registered. Please check linkage and avoid linking the same target more than once.
W0000 00:00:1777135834.073759 3809237 computation_placer.cc:177] computation placer already registered. Please check linkage and avoid linking the same target more than once.
W0000 00:00:1777135834.073769 3809241 computation_placer.cc:177] computation placer already registered. Please check linkage and avoid linking the same target more than once.
W0000 00:00:1777135834.073778 3809237 computation_placer.cc:177] computation placer already registered. Please check linkage and avoid linking the same target more than once.
W0000 00:00:1777135834.074952 3809240 computation_placer.cc:177] computation placer already registered. Please check linkage and avoid linking the same target more than once.
W0000 00:00:1777135834.074962 3809232 computation_placer.cc:177] computation placer already registered. Please check linkage and avoid linking the same target more than once.
W0000 00:00:1777135834.074973 3809235 computation_placer.cc:177] computation placer already registered. Please check linkage and avoid linking the same target more than once.
W0000 00:00:1777135834.074979 3809236 computation_placer.cc:177] computation placer already registered. Please check linkage and avoid linking the same target more than once.
W0000 00:00:1777135834.074996 3809240 computation_placer.cc:177] computation placer already registered. Please check linkage and avoid linking the same target more than once.
W0000 00:00:1777135834.075014 3809232 computation_placer.cc:177] computation placer already registered. Please check linkage and avoid linking the same target more than once.
W0000 00:00:1777135834.075031 3809235 computation_placer.cc:177] computation placer already registered. Please check linkage and avoid linking the same target more than once.
W0000 00:00:1777135834.075048 3809236 computation_placer.cc:177] computation placer already registered. Please check linkage and avoid linking the same target more than once.
W0000 00:00:1777135834.075057 3809240 computation_placer.cc:177] computation placer already registered. Please check linkage and avoid linking the same target more than once.
W0000 00:00:1777135834.075067 3809232 computation_placer.cc:177] computation placer already registered. Please check linkage and avoid linking the same target more than once.
W0000 00:00:1777135834.075078 3809235 computation_placer.cc:177] computation placer already registered. Please check linkage and avoid linking the same target more than once.
W0000 00:00:1777135834.075088 3809236 computation_placer.cc:177] computation placer already registered. Please check linkage and avoid linking the same target more than once.
W0000 00:00:1777135834.075097 3809240 computation_placer.cc:177] computation placer already registered. Please check linkage and avoid linking the same target more than once.
W0000 00:00:1777135834.075121 3809232 computation_placer.cc:177] computation placer already registered. Please check linkage and avoid linking the same target more than once.
W0000 00:00:1777135834.075130 3809235 computation_placer.cc:177] computation placer already registered. Please check linkage and avoid linking the same target more than once.
W0000 00:00:1777135834.075139 3809236 computation_placer.cc:177] computation placer already registered. Please check linkage and avoid linking the same target more than once.
W0000 00:00:1777135834.079636 3809239 computation_placer.cc:177] computation placer already registered. Please check linkage and avoid linking the same target more than once.
W0000 00:00:1777135834.079641 3809238 computation_placer.cc:177] computation placer already registered. Please check linkage and avoid linking the same target more than once.
W0000 00:00:1777135834.079685 3809239 computation_placer.cc:177] computation placer already registered. Please check linkage and avoid linking the same target more than once.
W0000 00:00:1777135834.079702 3809238 computation_placer.cc:177] computation placer already registered. Please check linkage and avoid linking the same target more than once.
W0000 00:00:1777135834.079712 3809239 computation_placer.cc:177] computation placer already registered. Please check linkage and avoid linking the same target more than once.
W0000 00:00:1777135834.079722 3809238 computation_placer.cc:177] computation placer already registered. Please check linkage and avoid linking the same target more than once.
W0000 00:00:1777135834.079731 3809239 computation_placer.cc:177] computation placer already registered. Please check linkage and avoid linking the same target more than once.
W0000 00:00:1777135834.079740 3809238 computation_placer.cc:177] computation placer already registered. Please check linkage and avoid linking the same target more than once.
2026-04-25 09:50:37.618186: E external/local_xla/xla/stream_executor/cuda/cuda_platform.cc:51] failed call to cuInit: INTERNAL: CUDA error: Failed call to cuInit: CUDA_ERROR_NO_DEVICE: no CUDA-capable device is detected
2026-04-25 09:50:37.652271: E external/local_xla/xla/stream_executor/cuda/cuda_platform.cc:51] failed call to cuInit: INTERNAL: CUDA error: Failed call to cuInit: CUDA_ERROR_NO_DEVICE: no CUDA-capable device is detected
2026-04-25 09:50:37.669701: E external/local_xla/xla/stream_executor/cuda/cuda_platform.cc:51] failed call to cuInit: INTERNAL: CUDA error: Failed call to cuInit: CUDA_ERROR_NO_DEVICE: no CUDA-capable device is detected
2026-04-25 09:50:37.692756: E external/local_xla/xla/stream_executor/cuda/cuda_platform.cc:51] failed call to cuInit: INTERNAL: CUDA error: Failed call to cuInit: CUDA_ERROR_NO_DEVICE: no CUDA-capable device is detected
2026-04-25 09:50:37.731199: E external/local_xla/xla/stream_executor/cuda/cuda_platform.cc:51] failed call to cuInit: INTERNAL: CUDA error: Failed call to cuInit: CUDA_ERROR_NO_DEVICE: no CUDA-capable device is detected
2026-04-25 09:50:37.734230: E external/local_xla/xla/stream_executor/cuda/cuda_platform.cc:51] failed call to cuInit: INTERNAL: CUDA error: Failed call to cuInit: CUDA_ERROR_NO_DEVICE: no CUDA-capable device is detected
2026-04-25 09:50:37.734268: E external/local_xla/xla/stream_executor/cuda/cuda_platform.cc:51] failed call to cuInit: INTERNAL: CUDA error: Failed call to cuInit: CUDA_ERROR_NO_DEVICE: no CUDA-capable device is detected
2026-04-25 09:50:37.753614: E external/local_xla/xla/stream_executor/cuda/cuda_platform.cc:51] failed call to cuInit: INTERNAL: CUDA error: Failed call to cuInit: CUDA_ERROR_NO_DEVICE: no CUDA-capable device is detected
2026-04-25 09:51:05,662 | INFO | generate | Completed worker chunk: {'split': 'train', 'kept': 100, 'attempted': 100, 'shards': 1, 'prefix': 'w006'}
2026-04-25 09:51:06,751 | INFO | generate | Completed worker chunk: {'split': 'train', 'kept': 100, 'attempted': 100, 'shards': 1, 'prefix': 'w001'}
2026-04-25 09:51:06,882 | INFO | generate | Completed worker chunk: {'split': 'train', 'kept': 100, 'attempted': 100, 'shards': 1, 'prefix': 'w007'}
2026-04-25 09:51:07,288 | INFO | generate | Completed worker chunk: {'split': 'train', 'kept': 100, 'attempted': 100, 'shards': 1, 'prefix': 'w003'}
2026-04-25 09:51:07,759 | INFO | generate | Completed worker chunk: {'split': 'train', 'kept': 100, 'attempted': 100, 'shards': 1, 'prefix': 'w005'}
2026-04-25 09:51:08,524 | INFO | generate | Completed worker chunk: {'split': 'train', 'kept': 100, 'attempted': 100, 'shards': 1, 'prefix': 'w002'}
2026-04-25 09:51:09,030 | INFO | generate | Completed worker chunk: {'split': 'train', 'kept': 100, 'attempted': 100, 'shards': 1, 'prefix': 'w004'}
2026-04-25 09:51:09,199 | INFO | generate | Completed worker chunk: {'split': 'train', 'kept': 100, 'attempted': 100, 'shards': 1, 'prefix': 'w000'}
2026-04-25 09:51:28,023 | INFO | generate | Completed worker chunk: {'split': 'val', 'kept': 100, 'attempted': 100, 'shards': 1, 'prefix': 'w009'}
2026-04-25 09:51:29,810 | INFO | generate | Completed worker chunk: {'split': 'val', 'kept': 100, 'attempted': 100, 'shards': 1, 'prefix': 'w008'}
2026-04-25 09:51:30,983 | INFO | generate | Parallel generation complete: attempted=1000 kept={'train': 800, 'val': 200}
2026-04-25 09:51:31,029 | INFO | train | TensorFlow version=2.19.1 GPUs=[PhysicalDevice(name='/physical_device:GPU:0', device_type='GPU')] mixed_policy=<DTypePolicy "mixed_bfloat16">
/home/rsadve1/scratch/Neuro_Symbolic_GRAND/.venv/lib/python3.12/site-packages/keras/src/optimizers/base_optimizer.py:862: UserWarning: Gradients do not exist for variables ['tf_rescue_net/c_update_4/dense_21/kernel', 'tf_rescue_net/c_update_4/dense_21/bias', 'tf_rescue_net/c_update_4/dense_22/kernel', 'tf_rescue_net/c_update_4/dense_22/bias', 'tf_rescue_net/c_norm_4/gamma', 'tf_rescue_net/c_norm_4/beta'] when minimizing the loss. If using `model.compile()`, did you forget to provide a `loss` argument?
  warnings.warn(
WARNING: All log messages before absl::InitializeLog() is called are written to STDERR
I0000 00:00:1777135903.427246 3809003 service.cc:152] XLA service 0x14ad240026c0 initialized for platform CUDA (this does not guarantee that XLA will be used). Devices:
I0000 00:00:1777135903.437567 3809003 service.cc:160]   StreamExecutor device (0): NVIDIA H100 80GB HBM3, Compute Capability 9.0
I0000 00:00:1777135904.372366 3809003 cuda_dnn.cc:529] Loaded cuDNN version 91000
I0000 00:00:1777135906.599751 3809003 device_compiler.h:188] Compiled cluster using XLA!  This line is logged at most once for the lifetime of the process.
2026-04-25 09:52:53,959 | INFO | train | Epoch 1 | train_loss=1.8514 val_loss=1.4697 cand_top1=0.0000 rescue_acc=1.0000 gpu=1
2026-04-25 09:52:54,656 | INFO | train | New best checkpoint at epoch 1 val_loss=1.4697
INFO:train:New best checkpoint at epoch 1 val_loss=1.4697
2026-04-25 09:52:54,872 | INFO | train | Epoch 2 | train_loss=1.4760 val_loss=1.4321 cand_top1=0.0000 rescue_acc=1.0000 gpu=1
INFO:train:Epoch 2 | train_loss=1.4760 val_loss=1.4321 cand_top1=0.0000 rescue_acc=1.0000 gpu=1
2026-04-25 09:52:55,335 | INFO | train | New best checkpoint at epoch 2 val_loss=1.4321
INFO:train:New best checkpoint at epoch 2 val_loss=1.4321
2026-04-25 09:52:55,531 | INFO | train | Epoch 3 | train_loss=1.4475 val_loss=1.4247 cand_top1=0.0000 rescue_acc=1.0000 gpu=1
INFO:train:Epoch 3 | train_loss=1.4475 val_loss=1.4247 cand_top1=0.0000 rescue_acc=1.0000 gpu=1
2026-04-25 09:52:55,959 | INFO | train | New best checkpoint at epoch 3 val_loss=1.4247
INFO:train:New best checkpoint at epoch 3 val_loss=1.4247
2026-04-25 09:52:57,429 | INFO | evaluate | Loaded TensorFlow rescue network on /GPU:0 with GPUs=[PhysicalDevice(name='/physical_device:GPU:0', device_type='GPU')] using weights=outputs/hybrid_bp_nsg_v13_pusch_cdl_smoke/checkpoints/rescue_net_tf.best.weights.h5
INFO:evaluate:Loaded TensorFlow rescue network on /GPU:0 with GPUs=[PhysicalDevice(name='/physical_device:GPU:0', device_type='GPU')] using weights=outputs/hybrid_bp_nsg_v13_pusch_cdl_smoke/checkpoints/rescue_net_tf.best.weights.h5
2026-04-25 09:54:38,514 | INFO | evaluate | Completed profile=AWGN snr=0 samples=200 summary=outputs/hybrid_bp_nsg_v13_pusch_cdl_smoke/evaluation/profile_AWGN/snr_+0.0dB/summary.csv
INFO:evaluate:Completed profile=AWGN snr=0 samples=200 summary=outputs/hybrid_bp_nsg_v13_pusch_cdl_smoke/evaluation/profile_AWGN/snr_+0.0dB/summary.csv
2026-04-25 09:55:20,109 | INFO | evaluate | Completed profile=AWGN snr=2 samples=206 summary=outputs/hybrid_bp_nsg_v13_pusch_cdl_smoke/evaluation/profile_AWGN/snr_+2.0dB/summary.csv
INFO:evaluate:Completed profile=AWGN snr=2 samples=206 summary=outputs/hybrid_bp_nsg_v13_pusch_cdl_smoke/evaluation/profile_AWGN/snr_+2.0dB/summary.csv
2026-04-25 10:05:31,324 | INFO | evaluate | Completed profile=AWGN snr=4 samples=10000 summary=outputs/hybrid_bp_nsg_v13_pusch_cdl_smoke/evaluation/profile_AWGN/snr_+4.0dB/summary.csv
INFO:evaluate:Completed profile=AWGN snr=4 samples=10000 summary=outputs/hybrid_bp_nsg_v13_pusch_cdl_smoke/evaluation/profile_AWGN/snr_+4.0dB/summary.csv
2026-04-25 10:07:20,654 | INFO | evaluate | Completed profile=CDL_C snr=0 samples=200 summary=outputs/hybrid_bp_nsg_v13_pusch_cdl_smoke/evaluation/profile_CDL_C/snr_+0.0dB/summary.csv
INFO:evaluate:Completed profile=CDL_C snr=0 samples=200 summary=outputs/hybrid_bp_nsg_v13_pusch_cdl_smoke/evaluation/profile_CDL_C/snr_+0.0dB/summary.csv
2026-04-25 10:09:02,450 | INFO | evaluate | Completed profile=CDL_C snr=2 samples=200 summary=outputs/hybrid_bp_nsg_v13_pusch_cdl_smoke/evaluation/profile_CDL_C/snr_+2.0dB/summary.csv
INFO:evaluate:Completed profile=CDL_C snr=2 samples=200 summary=outputs/hybrid_bp_nsg_v13_pusch_cdl_smoke/evaluation/profile_CDL_C/snr_+2.0dB/summary.csv
2026-04-25 10:10:33,591 | INFO | evaluate | Completed profile=CDL_C snr=4 samples=200 summary=outputs/hybrid_bp_nsg_v13_pusch_cdl_smoke/evaluation/profile_CDL_C/snr_+4.0dB/summary.csv
INFO:evaluate:Completed profile=CDL_C snr=4 samples=200 summary=outputs/hybrid_bp_nsg_v13_pusch_cdl_smoke/evaluation/profile_CDL_C/snr_+4.0dB/summary.csv
2026-04-25 10:10:33,705 | INFO | report | Wrote outputs/hybrid_bp_nsg_v13_pusch_cdl_smoke/evaluation/evaluation_summary.csv and outputs/hybrid_bp_nsg_v13_pusch_cdl_smoke/reports/README.md
INFO:report:Wrote outputs/hybrid_bp_nsg_v13_pusch_cdl_smoke/evaluation/evaluation_summary.csv and outputs/hybrid_bp_nsg_v13_pusch_cdl_smoke/reports/README.md
